Archive member included to satisfy reference by file (symbol)

C:/Program Files/Rowley Associates Limited/CrossWorks for ARM 4.2/lib/libm_v7em_fpv4_sp_d16_hard_t_le_eabi.a(libm_asm.o)
                              refdes169 THUMB Debug/max3510x.o (__aeabi_i2d)
C:/Program Files/Rowley Associates Limited/CrossWorks for ARM 4.2/lib/libm_v7em_fpv4_sp_d16_hard_t_le_eabi.a(libm2_asm.o)
                              refdes169 THUMB Debug/com.o (fabsf)
C:/Program Files/Rowley Associates Limited/CrossWorks for ARM 4.2/lib/libm_v7em_fpv4_sp_d16_hard_t_le_eabi.a(fdlibm.o)
                              refdes169 THUMB Debug/com.o (roundf)
C:/Program Files/Rowley Associates Limited/CrossWorks for ARM 4.2/lib/libm_v7em_fpv4_sp_d16_hard_t_le_eabi.a(libm.o)
                              C:/Program Files/Rowley Associates Limited/CrossWorks for ARM 4.2/lib/libm_v7em_fpv4_sp_d16_hard_t_le_eabi.a(fdlibm.o) (__mulsc3)
C:/Program Files/Rowley Associates Limited/CrossWorks for ARM 4.2/lib/libm_v7em_fpv4_sp_d16_hard_t_le_eabi.a(libm2.o)
                              C:/Program Files/Rowley Associates Limited/CrossWorks for ARM 4.2/lib/libm_v7em_fpv4_sp_d16_hard_t_le_eabi.a(fdlibm.o) (atan2)
C:/Program Files/Rowley Associates Limited/CrossWorks for ARM 4.2/lib/libc_v7em_fpv4_sp_d16_hard_t_le_eabi.a(libc_asm.o)
                              refdes169 THUMB Debug/tmr.o (__aeabi_uldivmod)
C:/Program Files/Rowley Associates Limited/CrossWorks for ARM 4.2/lib/libc_v7em_fpv4_sp_d16_hard_t_le_eabi.a(libc2.o)
                              refdes169 THUMB Debug/com.o (abs)
C:/Program Files/Rowley Associates Limited/CrossWorks for ARM 4.2/lib/libc_v7em_fpv4_sp_d16_hard_t_le_eabi.a(libc2_asm.o)
                              refdes169 THUMB Debug/board.o (memcpy)
C:/Program Files/Rowley Associates Limited/CrossWorks for ARM 4.2/lib/libc_v7em_fpv4_sp_d16_hard_t_le_eabi.a(libc.o)
                              C:/Program Files/Rowley Associates Limited/CrossWorks for ARM 4.2/lib/libc_v7em_fpv4_sp_d16_hard_t_le_eabi.a(libc2.o) (__heap_lock)
C:/Program Files/Rowley Associates Limited/CrossWorks for ARM 4.2/lib/libdebugio_v7em_fpv4_sp_d16_hard_t_le_eabi.a(libdebugio.o)
                              refdes169 THUMB Debug/thumb_crt0.o (debug_fopen)
C:/Program Files/Rowley Associates Limited/CrossWorks for ARM 4.2/lib/libdebugio_mempoll_v7em_fpv4_sp_d16_hard_t_le_eabi.a(mempoll_debug_operations.o)
                              C:/Program Files/Rowley Associates Limited/CrossWorks for ARM 4.2/lib/libdebugio_v7em_fpv4_sp_d16_hard_t_le_eabi.a(libdebugio.o) (__do_debug_operation)
C:/Program Files/Rowley Associates Limited/CrossWorks for ARM 4.2/lib/libdebugio_mempoll_v7em_fpv4_sp_d16_hard_t_le_eabi.a(do_nv_debug_operation.o)
                              C:/Program Files/Rowley Associates Limited/CrossWorks for ARM 4.2/lib/libdebugio_v7em_fpv4_sp_d16_hard_t_le_eabi.a(libdebugio.o) (__do_nvdebug_operation)

Discarded input sections

 .group         0x0000000000000000        0xc refdes169 THUMB Debug/system_max32625.o
 .group         0x0000000000000000        0xc refdes169 THUMB Debug/system_max32625.o
 .group         0x0000000000000000        0xc refdes169 THUMB Debug/system_max32625.o
 .group         0x0000000000000000        0xc refdes169 THUMB Debug/system_max32625.o
 .group         0x0000000000000000        0xc refdes169 THUMB Debug/system_max32625.o
 .group         0x0000000000000000        0xc refdes169 THUMB Debug/system_max32625.o
 .group         0x0000000000000000        0xc refdes169 THUMB Debug/system_max32625.o
 .group         0x0000000000000000        0xc refdes169 THUMB Debug/system_max32625.o
 .group         0x0000000000000000        0xc refdes169 THUMB Debug/system_max32625.o
 .group         0x0000000000000000        0xc refdes169 THUMB Debug/system_max32625.o
 .group         0x0000000000000000        0xc refdes169 THUMB Debug/system_max32625.o
 .group         0x0000000000000000        0xc refdes169 THUMB Debug/system_max32625.o
 .group         0x0000000000000000        0xc refdes169 THUMB Debug/system_max32625.o
 .group         0x0000000000000000        0xc refdes169 THUMB Debug/system_max32625.o
 .group         0x0000000000000000        0xc refdes169 THUMB Debug/system_max32625.o
 .group         0x0000000000000000        0xc refdes169 THUMB Debug/system_max32625.o
 .group         0x0000000000000000        0xc refdes169 THUMB Debug/system_max32625.o
 .group         0x0000000000000000        0xc refdes169 THUMB Debug/system_max32625.o
 .group         0x0000000000000000        0xc refdes169 THUMB Debug/system_max32625.o
 .group         0x0000000000000000        0xc refdes169 THUMB Debug/system_max32625.o
 .group         0x0000000000000000        0xc refdes169 THUMB Debug/system_max32625.o
 .text          0x0000000000000000        0x0 refdes169 THUMB Debug/system_max32625.o
 .data          0x0000000000000000        0x0 refdes169 THUMB Debug/system_max32625.o
[...]
Memory Configuration

Name             Origin             Length             Attributes
UNPLACED_SECTIONS 0x0000000100000000 0x0000000000000000 xw
RAM              0x0000000020000000 0x0000000000028000 xw
FLASH            0x0000000000000000 0x000000000007e000 xr
*default*        0x0000000000000000 0xffffffffffffffff

Linker script and memory map

                0x000000000000b9d0                __vfprintf = __vfprintf_short_float_long
                0x0000000000000000                __vfscanf = __vfscanf_float_long_long
                0x0000000020000000                __RAM_segment_start__ = 0x20000000
                0x0000000020028000                __RAM_segment_end__ = 0x20028000
                0x0000000000028000                __RAM_segment_size__ = 0x28000
                0x0000000000000000                __FLASH_segment_start__ = 0x0
                0x000000000007e000                __FLASH_segment_end__ = 0x7e000
                0x000000000007e000                __FLASH_segment_size__ = 0x7e000
                0x0000000000000000                __HEAPSIZE__ = 0x0
                0x0000000000000000                __STACKSIZE_ABT__ = 0x0
                0x0000000000000000                __STACKSIZE_FIQ__ = 0x0
                0x0000000000000000                __STACKSIZE_IRQ__ = 0x0
                0x0000000000000000                __STACKSIZE_PROCESS__ = 0x0
                0x0000000000000000                __STACKSIZE_SVC__ = 0x0
                0x0000000000000000                __STACKSIZE_UND__ = 0x0
                0x0000000000000400                __STACKSIZE__ = 0x400
                0x0000000020000000                __vectors_ram_load_start__ = ALIGN (__RAM_segment_start__, 0x100)

.vectors_ram    0x0000000020000000        0x0
                0x0000000020000000                __vectors_ram_start__ = .
 *(.vectors_ram .vectors_ram.*)
                0x0000000020000000                __vectors_ram_end__ = (__vectors_ram_start__ + SIZEOF (.vectors_ram))
                0x0000000000000000                __vectors_ram_size__ = SIZEOF (.vectors_ram)
                0x0000000020000000                __vectors_ram_load_end__ = __vectors_ram_end__
                0x0000000000000001                . = ASSERT (((__vectors_ram_start__ == __vectors_ram_end__) || ((__vectors_ram_end__ >= __RAM_segment_start__) && (__vectors_ram_end__ <= __RAM_segment_end__))), error: .vectors_ram is too large to fit in RAM memory segment)
                0x0000000000000000                __vectors_load_start__ = ALIGN (__FLASH_segment_start__, 0x100)

.vectors        0x0000000000000000      0x110
                0x0000000000000000                __vectors_start__ = .
 *(.vectors .vectors.*)
 .vectors       0x0000000000000000      0x110 refdes169 THUMB Debug/max32625_Vectors.o
                0x0000000000000000                _vectors
                0x0000000000000110                __vectors_end__ = (__vectors_start__ + SIZEOF (.vectors))
                0x0000000000000110                __vectors_size__ = SIZEOF (.vectors)
                0x0000000000000110                __vectors_load_end__ = __vectors_end__
                0x0000000000000001                . = ASSERT (((__vectors_start__ == __vectors_end__) || ((__vectors_end__ >= __FLASH_segment_start__) && (__vectors_end__ <= __FLASH_segment_end__))), error: .vectors is too large to fit in FLASH memory segment)
                0x0000000000000110                __init_load_start__ = ALIGN (__vectors_end__, 0x4)

.init           0x0000000000000110      0x560
                0x0000000000000110                __init_start__ = .
 *(.init .init.*)
 .init.SystemCoreClockUpdate
                0x0000000000000110       0x78 refdes169 THUMB Debug/system_max32625.o
                0x0000000000000110                SystemCoreClockUpdate
 .init.CLKMAN_TrimRO
                0x0000000000000188      0x108 refdes169 THUMB Debug/system_max32625.o
                0x0000000000000188                CLKMAN_TrimRO
 .init.ICC_Enable
                0x0000000000000290       0x38 refdes169 THUMB Debug/system_max32625.o
 .init.PreInit  0x00000000000002c8       0x18 refdes169 THUMB Debug/system_max32625.o
                0x00000000000002c8                PreInit
 .init.Board_Init
                0x00000000000002e0        0x6 refdes169 THUMB Debug/system_max32625.o
                0x00000000000002e0                Board_Init
 *fill*         0x00000000000002e6        0x2 
 .init.SystemInit
                0x00000000000002e8      0x178 refdes169 THUMB Debug/system_max32625.o
                0x00000000000002e8                SystemInit
 .init          0x0000000000000460      0x158 refdes169 THUMB Debug/thumb_crt0.o
                0x0000000000000460                _start
                0x0000000000000512                exit
 .init          0x00000000000005b8       0x44 refdes169 THUMB Debug/MAX32625_Startup.o
                0x00000000000005b8                Reset_Handler
 .init          0x00000000000005fc       0x74 refdes169 THUMB Debug/max32625_Vectors.o
                0x00000000000005fc                NMI_Handler
                0x00000000000005fe                HardFault_Handler
                0x0000000000000608                CLKMAN_IRQHandler
                0x000000000000060a                PWRMAN_IRQHandler
                0x000000000000060c                FLC_IRQHandler
                0x000000000000060e                RTC0_IRQHandler
                0x0000000000000610                RTC1_IRQHandler
                0x0000000000000612                RTC2_IRQHandler
                0x0000000000000614                RTC3_IRQHandler
                0x0000000000000618                USB_IRQHandler
                0x000000000000061a                AES_IRQHandler
                0x000000000000061c                MAA_IRQHandler
                0x000000000000061e                WDT0_IRQHandler
                0x0000000000000620                WDT0_P_IRQHandler
                0x0000000000000622                WDT1_IRQHandler
                0x0000000000000624                WDT1_P_IRQHandler
                0x0000000000000628                GPIO_P1_IRQHandler
                0x000000000000062a                GPIO_P2_IRQHandler
                0x000000000000062c                GPIO_P3_IRQHandler
                0x000000000000062e                GPIO_P4_IRQHandler
                0x0000000000000630                GPIO_P5_IRQHandler
                0x0000000000000632                GPIO_P6_IRQHandler
                0x0000000000000634                TMR0_IRQHandler
                0x0000000000000636                TMR16_0_IRQHandler
                0x000000000000063a                TMR16_1_IRQHandler
                0x000000000000063c                TMR2_IRQHandler
                0x000000000000063e                TMR16_2_IRQHandler
                0x0000000000000640                TMR3_IRQHandler
                0x0000000000000642                TMR16_3_IRQHandler
                0x0000000000000644                TMR4_IRQHandler
                0x0000000000000646                TMR16_4_IRQHandler
                0x0000000000000648                TMR5_IRQHandler
                0x000000000000064a                TMR16_5_IRQHandler
                0x000000000000064c                UART0_IRQHandler
                0x0000000000000650                UART2_IRQHandler
                0x0000000000000652                UART3_IRQHandler
                0x0000000000000654                PT_IRQHandler
                0x0000000000000656                I2CM0_IRQHandler
                0x0000000000000658                I2CM1_IRQHandler
                0x000000000000065a                I2CM2_IRQHandler
                0x000000000000065c                I2CS_IRQHandler
                0x000000000000065e                SPIM0_IRQHandler
                0x0000000000000660                SPIM1_IRQHandler
                0x0000000000000662                SPIM2_IRQHandler
                0x0000000000000664                SPIB_IRQHandler
                0x0000000000000666                OWM_IRQHandler
                0x0000000000000668                AFE_IRQHandler
                0x000000000000066a                SPIS_IRQHandler
                0x000000000000066c                GPIO_P7_IRQHandler
                0x000000000000066e                GPIO_P8_IRQHandler
                0x0000000000000670                __init_end__ = (__init_start__ + SIZEOF (.init))
                0x0000000000000560                __init_size__ = SIZEOF (.init)
                0x0000000000000670                __init_load_end__ = __init_end__
                0x0000000000000001                . = ASSERT (((__init_start__ == __init_end__) || ((__init_end__ >= __FLASH_segment_start__) && (__init_end__ <= __FLASH_segment_end__))), error: .init is too large to fit in FLASH memory segment)
                0x0000000000000670                __init_rodata_load_start__ = ALIGN (__init_end__, 0x4)

.init_rodata    0x0000000000000670        0x0
                0x0000000000000670                __init_rodata_start__ = .
 *(.init_rodata .init_rodata.*)
                0x0000000000000670                __init_rodata_end__ = (__init_rodata_start__ + SIZEOF (.init_rodata))
                0x0000000000000000                __init_rodata_size__ = SIZEOF (.init_rodata)
                0x0000000000000670                __init_rodata_load_end__ = __init_rodata_end__
                0x0000000000000001                . = ASSERT (((__init_rodata_start__ == __init_rodata_end__) || ((__init_rodata_end__ >= __FLASH_segment_start__) && (__init_rodata_end__ <= __FLASH_segment_end__))), error: .init_rodata is too large to fit in FLASH memory segment)
                0x0000000000000670                __text_load_start__ = ALIGN (__init_rodata_end__, 0x4)

.text           0x0000000000000670     0xc228
                0x0000000000000670                __text_start__ = .
 *(.text .text.* .glue_7t .glue_7 .gnu.linkonce.t.* .gcc_except_table .ARM.extab* .gnu.linkonce.armextab.*)
 .glue_7        0x0000000000000670        0x0 linker stubs
 .glue_7t       0x0000000000000670        0x0 linker stubs
 .text.__aeabi_read_tp
                0x0000000000000670        0x8 refdes169 THUMB Debug/thumb_crt0.o
                0x0000000000000670                __aeabi_read_tp
 .text.NVIC_EnableIRQ
                0x0000000000000678       0x2c refdes169 THUMB Debug/board.o
 .text.NVIC_DisableIRQ
                0x00000000000006a4       0x30 refdes169 THUMB Debug/board.o
 .text.NVIC_ClearPendingIRQ
                0x00000000000006d4       0x30 refdes169 THUMB Debug/board.o
 .text.NVIC_SetPriority
                0x0000000000000704       0x50 refdes169 THUMB Debug/board.o
 .text.NVIC_SystemReset
                0x0000000000000754       0x24 refdes169 THUMB Debug/board.o
 .text.GPIO_OutPut
                0x0000000000000778       0x3c refdes169 THUMB Debug/board.o
 .text.GPIO_IntEnable
                0x00000000000007b4       0x2c refdes169 THUMB Debug/board.o
 .text.GPIO_IntDisable
                0x00000000000007e0       0x30 refdes169 THUMB Debug/board.o
 .text.TMR32_EnableINT
                0x0000000000000810       0x16 refdes169 THUMB Debug/board.o
 .text.TMR32_ClearFlag
                0x0000000000000826       0x10 refdes169 THUMB Debug/board.o
 *fill*         0x0000000000000836        0x2 
 .text.CRC16_AddDataArray
                0x0000000000000838       0x24 refdes169 THUMB Debug/board.o
 .text.CRC16_GetCRC
                0x000000000000085c        0xc refdes169 THUMB Debug/board.o
 .text.GPIO_P0_IRQHandler
                0x0000000000000868        0xc refdes169 THUMB Debug/board.o
                0x0000000000000868                GPIO_P0_IRQHandler
 .text.PMU_IRQHandler
                0x0000000000000874        0xa refdes169 THUMB Debug/board.o
                0x0000000000000874                PMU_IRQHandler
 *fill*         0x000000000000087e        0x2 
 .text.UART1_IRQHandler
                0x0000000000000880       0x10 refdes169 THUMB Debug/board.o
                0x0000000000000880                UART1_IRQHandler
 .text.vApplicationIdleHook
                0x0000000000000890        0xa refdes169 THUMB Debug/board.o
                0x0000000000000890                vApplicationIdleHook
 *fill*         0x000000000000089a        0x2 
 .text.TMR1_IRQHandler
                0x000000000000089c       0x14 refdes169 THUMB Debug/board.o
                0x000000000000089c                TMR1_IRQHandler
 .text.board_init
                0x00000000000008b0      0x20c refdes169 THUMB Debug/board.o
                0x00000000000008b0                board_init
 .text.board_uart_enable_interrupt
                0x0000000000000abc        0xc refdes169 THUMB Debug/board.o
                0x0000000000000abc                board_uart_enable_interrupt
 .text.board_uart_disable_interrupt
                0x0000000000000ac8        0xc refdes169 THUMB Debug/board.o
                0x0000000000000ac8                board_uart_disable_interrupt
 .text.board_tdc_enable_interrupt
                0x0000000000000ad4       0x10 refdes169 THUMB Debug/board.o
                0x0000000000000ad4                board_tdc_enable_interrupt
 .text.board_tdc_disable_interrupt
                0x0000000000000ae4       0x10 refdes169 THUMB Debug/board.o
                0x0000000000000ae4                board_tdc_disable_interrupt
 .text.max3510x_spi_xfer
                0x0000000000000af4       0x60 refdes169 THUMB Debug/board.o
                0x0000000000000af4                max3510x_spi_xfer
 .text.board_flash_write
                0x0000000000000b54       0x5a refdes169 THUMB Debug/board.o
                0x0000000000000b54                board_flash_write
 .text.board_flash_read
                0x0000000000000bae       0x2e refdes169 THUMB Debug/board.o
                0x0000000000000bae                board_flash_read
 .text.board_led
                0x0000000000000bdc       0x50 refdes169 THUMB Debug/board.o
                0x0000000000000bdc                board_led
 .text.board_crc
                0x0000000000000c2c       0x32 refdes169 THUMB Debug/board.o
                0x0000000000000c2c                board_crc
 .text.board_reset
                0x0000000000000c5e        0xa refdes169 THUMB Debug/board.o
                0x0000000000000c5e                board_reset
 .text.uart_write_cb
                0x0000000000000c68       0x18 refdes169 THUMB Debug/board.o
                0x0000000000000c68                uart_write_cb
 .text.board_uart_write_lock
                0x0000000000000c80        0xc refdes169 THUMB Debug/board.o
                0x0000000000000c80                board_uart_write_lock
 .text.board_uart_write_unlock
                0x0000000000000c8c        0xc refdes169 THUMB Debug/board.o
                0x0000000000000c8c                board_uart_write_unlock
 .text.board_uart_write
                0x0000000000000c98       0x54 refdes169 THUMB Debug/board.o
                0x0000000000000c98                board_uart_write
 .text.board_final
                0x0000000000000cec       0x12 refdes169 THUMB Debug/board.o
                0x0000000000000cec                board_final
 *fill*         0x0000000000000cfe        0x2 
 .text.board_enable_sample_timer
                0x0000000000000d00       0x10 refdes169 THUMB Debug/board.o
                0x0000000000000d00                board_enable_sample_timer
 .text.CLKMAN_SetClkScale
                0x0000000000000d10       0x48 refdes169 THUMB Debug/clkman.o
                0x0000000000000d10                CLKMAN_SetClkScale
 .text.CLKMAN_GetClkScale
                0x0000000000000d58       0x3e refdes169 THUMB Debug/clkman.o
                0x0000000000000d58                CLKMAN_GetClkScale
 *fill*         0x0000000000000d96        0x2 
 .text.PinConfig
                0x0000000000000d98      0x134 refdes169 THUMB Debug/gpio.o
 .text.GPIO_Config
                0x0000000000000ecc       0x66 refdes169 THUMB Debug/gpio.o
                0x0000000000000ecc                GPIO_Config
 *fill*         0x0000000000000f32        0x2 
 .text.IntConfig
                0x0000000000000f34       0x58 refdes169 THUMB Debug/gpio.o
 .text.GPIO_IntConfig
                0x0000000000000f8c       0x48 refdes169 THUMB Debug/gpio.o
                0x0000000000000f8c                GPIO_IntConfig
 .text.GPIO_RegisterCallback
                0x0000000000000fd4       0x60 refdes169 THUMB Debug/gpio.o
                0x0000000000000fd4                GPIO_RegisterCallback
 .text.GPIO_Handler
                0x0000000000001034       0xa4 refdes169 THUMB Debug/gpio.o
                0x0000000000001034                GPIO_Handler
 .text.SPIM_Init
                0x00000000000010d8      0x164 refdes169 THUMB Debug/spim.o
                0x00000000000010d8                SPIM_Init
 .text.SPIM_Trans
                0x000000000000123c      0x138 refdes169 THUMB Debug/spim.o
                0x000000000000123c                SPIM_Trans
 .text.SPIM_Busy
                0x0000000000001374       0x60 refdes169 THUMB Debug/spim.o
                0x0000000000001374                SPIM_Busy
 .text.SPIM_ReadRXFIFO
                0x00000000000013d4      0x10c refdes169 THUMB Debug/spim.o
 .text.SPIM_TransHandler
                0x00000000000014e0      0x3d4 refdes169 THUMB Debug/spim.o
 .text.TMR32_Stop
                0x00000000000018b4       0x16 refdes169 THUMB Debug/tmr.o
 *fill*         0x00000000000018ca        0x2 
 .text.TMR_Init
                0x00000000000018cc       0xc0 refdes169 THUMB Debug/tmr.o
                0x00000000000018cc                TMR_Init
 .text.TMR32_Config
                0x000000000000198c       0x46 refdes169 THUMB Debug/tmr.o
                0x000000000000198c                TMR32_Config
 *fill*         0x00000000000019d2        0x2 
 .text.TMR32_Start
                0x00000000000019d4       0xa4 refdes169 THUMB Debug/tmr.o
                0x00000000000019d4                TMR32_Start
 .text.UART_NumWriteAvail
                0x0000000000001a78       0x16 refdes169 THUMB Debug/uart.o
 .text.UART_NumReadAvail
                0x0000000000001a8e       0x12 refdes169 THUMB Debug/uart.o
 .text.UART_Init
                0x0000000000001aa0      0x1f0 refdes169 THUMB Debug/uart.o
                0x0000000000001aa0                UART_Init
 .text.UART_ReadAsync
                0x0000000000001c90       0xb4 refdes169 THUMB Debug/uart.o
                0x0000000000001c90                UART_ReadAsync
 .text.UART_Handler
                0x0000000000001d44       0xa8 refdes169 THUMB Debug/uart.o
                0x0000000000001d44                UART_Handler
 .text.UART_WriteHandler
                0x0000000000001dec       0xd4 refdes169 THUMB Debug/uart.o
 .text.UART_ReadHandler
                0x0000000000001ec0      0x168 refdes169 THUMB Debug/uart.o
 .text.mxc_get_lock
                0x0000000000002028       0x42 refdes169 THUMB Debug/mxc_lock.o
                0x0000000000002028                mxc_get_lock
 .text.mxc_free_lock
                0x000000000000206a       0x14 refdes169 THUMB Debug/mxc_lock.o
                0x000000000000206a                mxc_free_lock
 *fill*         0x000000000000207e        0x2 
 .text.SYS_GetFreq
                0x0000000000002080       0x34 refdes169 THUMB Debug/mxc_sys.o
                0x0000000000002080                SYS_GetFreq
 .text.SYS_GPIO_Init
                0x00000000000020b4       0x1c refdes169 THUMB Debug/mxc_sys.o
                0x00000000000020b4                SYS_GPIO_Init
 .text.SYS_UART_Init
                0x00000000000020d0      0x11c refdes169 THUMB Debug/mxc_sys.o
                0x00000000000020d0                SYS_UART_Init
 .text.SYS_UART_GetFreq
                0x00000000000021ec       0x1e refdes169 THUMB Debug/mxc_sys.o
                0x00000000000021ec                SYS_UART_GetFreq
 *fill*         0x000000000000220a        0x2 
 .text.SYS_SPIM_Init
                0x000000000000220c      0x114 refdes169 THUMB Debug/mxc_sys.o
                0x000000000000220c                SYS_SPIM_Init
 .text.SYS_SPIM_GetFreq
                0x0000000000002320       0x5c refdes169 THUMB Debug/mxc_sys.o
                0x0000000000002320                SYS_SPIM_GetFreq
 .text.SYS_TMR_Init
                0x000000000000237c       0xe4 refdes169 THUMB Debug/mxc_sys.o
                0x000000000000237c                SYS_TMR_Init
 .text.SYS_IOMAN_UseVDDIOH
                0x0000000000002460       0x3a refdes169 THUMB Debug/mxc_sys.o
                0x0000000000002460                SYS_IOMAN_UseVDDIOH
 *fill*         0x000000000000249a        0x2 
 .text.IOMAN_Config
                0x000000000000249c       0x84 refdes169 THUMB Debug/ioman.o
                0x000000000000249c                IOMAN_Config
 .text.PMU_Handler
                0x0000000000002520       0x70 refdes169 THUMB Debug/pmu.o
                0x0000000000002520                PMU_Handler
 .text.PMU_Start
                0x0000000000002590       0x8c refdes169 THUMB Debug/pmu.o
                0x0000000000002590                PMU_Start
 .text.LP_EnterLP2
                0x000000000000261c       0x18 refdes169 THUMB Debug/lp.o
                0x000000000000261c                LP_EnterLP2
 .text.CRC16_Init
                0x0000000000002634       0x60 refdes169 THUMB Debug/crc.o
                0x0000000000002634                CRC16_Init
 .text.CRC16_Reseed
                0x0000000000002694       0x34 refdes169 THUMB Debug/crc.o
                0x0000000000002694                CRC16_Reseed
 .text.max3510x_write_registers
                0x00000000000026c8       0x7c refdes169 THUMB Debug/max3510x.o
                0x00000000000026c8                max3510x_write_registers
 .text.max3510x_read_registers
                0x0000000000002744       0x8a refdes169 THUMB Debug/max3510x.o
                0x0000000000002744                max3510x_read_registers
 .text.max3510x_read_register
                0x00000000000027ce       0x28 refdes169 THUMB Debug/max3510x.o
                0x00000000000027ce                max3510x_read_register
 .text.max3510x_write_register
                0x00000000000027f6       0x30 refdes169 THUMB Debug/max3510x.o
                0x00000000000027f6                max3510x_write_register
 .text.max3510x_write_bitfield
                0x0000000000002826       0x5e refdes169 THUMB Debug/max3510x.o
                0x0000000000002826                max3510x_write_bitfield
 .text.max3510x_read_bitfield
                0x0000000000002884       0x38 refdes169 THUMB Debug/max3510x.o
                0x0000000000002884                max3510x_read_bitfield
 .text.send_opcode
                0x00000000000028bc       0x2c refdes169 THUMB Debug/max3510x.o
 .text.max3510x_unlock
                0x00000000000028e8       0x3a refdes169 THUMB Debug/max3510x.o
                0x00000000000028e8                max3510x_unlock
 .text.max3510x_interrupt_status
                0x0000000000002922       0x18 refdes169 THUMB Debug/max3510x.o
                0x0000000000002922                max3510x_interrupt_status
 .text.max3510x_wait_for_reset_complete
                0x000000000000293a       0x22 refdes169 THUMB Debug/max3510x.o
                0x000000000000293a                max3510x_wait_for_reset_complete
 .text.max3510x_tof_up
                0x000000000000295c       0x16 refdes169 THUMB Debug/max3510x.o
                0x000000000000295c                max3510x_tof_up
 .text.max3510x_tof_down
                0x0000000000002972       0x16 refdes169 THUMB Debug/max3510x.o
                0x0000000000002972                max3510x_tof_down
 .text.max3510x_tof_diff
                0x0000000000002988       0x16 refdes169 THUMB Debug/max3510x.o
                0x0000000000002988                max3510x_tof_diff
 .text.max3510x_temperature
                0x000000000000299e       0x16 refdes169 THUMB Debug/max3510x.o
                0x000000000000299e                max3510x_temperature
 .text.max3510x_reset
                0x00000000000029b4       0x16 refdes169 THUMB Debug/max3510x.o
                0x00000000000029b4                max3510x_reset
 .text.max3510x_initialize
                0x00000000000029ca       0x16 refdes169 THUMB Debug/max3510x.o
                0x00000000000029ca                max3510x_initialize
 .text.max3510x_bandpass_calibrate
                0x00000000000029e0       0x16 refdes169 THUMB Debug/max3510x.o
                0x00000000000029e0                max3510x_bandpass_calibrate
 .text.max3510x_halt
                0x00000000000029f6       0x16 refdes169 THUMB Debug/max3510x.o
                0x00000000000029f6                max3510x_halt
 .text.max3510x_calibrate
                0x0000000000002a0c       0x16 refdes169 THUMB Debug/max3510x.o
                0x0000000000002a0c                max3510x_calibrate
 .text.max3510x_fixed_to_time
                0x0000000000002a22       0x1c refdes169 THUMB Debug/max3510x.o
                0x0000000000002a22                max3510x_fixed_to_time
 *fill*         0x0000000000002a3e        0x2 
 .text.max3510x_time_to_double
                0x0000000000002a40       0x40 refdes169 THUMB Debug/max3510x.o
                0x0000000000002a40                max3510x_time_to_double
 .text.max3510x_fixed_to_double
                0x0000000000002a80       0x2a refdes169 THUMB Debug/max3510x.o
                0x0000000000002a80                max3510x_fixed_to_double
 .text.max3510x_get_hitwaves
                0x0000000000002aaa       0x9e refdes169 THUMB Debug/max3510x.o
                0x0000000000002aaa                max3510x_get_hitwaves
 .text.max3510x_set_hitwaves
                0x0000000000002b48       0xbc refdes169 THUMB Debug/max3510x.o
                0x0000000000002b48                max3510x_set_hitwaves
 .text.max3510x_read_config
                0x0000000000002c04       0x2c refdes169 THUMB Debug/max3510x.o
                0x0000000000002c04                max3510x_read_config
 .text.max3510x_write_config
                0x0000000000002c30       0x60 refdes169 THUMB Debug/max3510x.o
                0x0000000000002c30                max3510x_write_config
 .text.unlock   0x0000000000002c90       0x1c refdes169 THUMB Debug/tdc.o
 .text.lock     0x0000000000002cac       0x1c refdes169 THUMB Debug/tdc.o
 .text.tdc_init
                0x0000000000002cc8       0x2c refdes169 THUMB Debug/tdc.o
                0x0000000000002cc8                tdc_init
 .text.tdc_configure
                0x0000000000002cf4       0x22 refdes169 THUMB Debug/tdc.o
                0x0000000000002cf4                tdc_configure
 *fill*         0x0000000000002d16        0x2 
 .text.pmu_write_complete_cb
                0x0000000000002d18       0x44 refdes169 THUMB Debug/tdc.o
 .text.tdc_interrupt
                0x0000000000002d5c       0x60 refdes169 THUMB Debug/tdc.o
                0x0000000000002d5c                tdc_interrupt
 .text.tdc_get_tof_result
                0x0000000000002dbc       0x48 refdes169 THUMB Debug/tdc.o
                0x0000000000002dbc                tdc_get_tof_result
 .text.tdc_set_sfreq
                0x0000000000002e04       0x2e refdes169 THUMB Debug/tdc.o
                0x0000000000002e04                tdc_set_sfreq
 .text.tdc_get_sfreq
                0x0000000000002e32       0x2c refdes169 THUMB Debug/tdc.o
                0x0000000000002e32                tdc_get_sfreq
 .text.tdc_set_dreq
                0x0000000000002e5e       0x30 refdes169 THUMB Debug/tdc.o
                0x0000000000002e5e                tdc_set_dreq
 .text.tdc_get_dreq
                0x0000000000002e8e       0x2a refdes169 THUMB Debug/tdc.o
                0x0000000000002e8e                tdc_get_dreq
 .text.tdc_set_hreg_d
                0x0000000000002eb8       0x34 refdes169 THUMB Debug/tdc.o
                0x0000000000002eb8                tdc_set_hreg_d
 .text.tdc_get_hreg_d
                0x0000000000002eec       0x2c refdes169 THUMB Debug/tdc.o
                0x0000000000002eec                tdc_get_hreg_d
 .text.tdc_set_vs
                0x0000000000002f18       0x2e refdes169 THUMB Debug/tdc.o
                0x0000000000002f18                tdc_set_vs
 .text.tdc_get_vs
                0x0000000000002f46       0x28 refdes169 THUMB Debug/tdc.o
                0x0000000000002f46                tdc_get_vs
 .text.tdc_set_lt_n
                0x0000000000002f6e       0x2e refdes169 THUMB Debug/tdc.o
                0x0000000000002f6e                tdc_set_lt_n
 .text.tdc_get_lt_n
                0x0000000000002f9c       0x2c refdes169 THUMB Debug/tdc.o
                0x0000000000002f9c                tdc_get_lt_n
 .text.tdc_set_lt_s
                0x0000000000002fc8       0x34 refdes169 THUMB Debug/tdc.o
                0x0000000000002fc8                tdc_set_lt_s
 .text.tdc_get_lt_s
                0x0000000000002ffc       0x2c refdes169 THUMB Debug/tdc.o
                0x0000000000002ffc                tdc_get_lt_s
 .text.tdc_set_st
                0x0000000000003028       0x30 refdes169 THUMB Debug/tdc.o
                0x0000000000003028                tdc_set_st
 .text.tdc_get_st
                0x0000000000003058       0x2a refdes169 THUMB Debug/tdc.o
                0x0000000000003058                tdc_get_st
 .text.tdc_set_50d
                0x0000000000003082       0x32 refdes169 THUMB Debug/tdc.o
                0x0000000000003082                tdc_set_50d
 .text.tdc_get_50d
                0x00000000000030b4       0x2a refdes169 THUMB Debug/tdc.o
                0x00000000000030b4                tdc_get_50d
 .text.tdc_set_pecho
                0x00000000000030de       0x2e refdes169 THUMB Debug/tdc.o
                0x00000000000030de                tdc_set_pecho
 .text.tdc_get_pecho
                0x000000000000310c       0x28 refdes169 THUMB Debug/tdc.o
                0x000000000000310c                tdc_get_pecho
 .text.tdc_set_afe_bp
                0x0000000000003134       0x2e refdes169 THUMB Debug/tdc.o
                0x0000000000003134                tdc_set_afe_bp
 .text.tdc_get_afe_bp
                0x0000000000003162       0x2c refdes169 THUMB Debug/tdc.o
                0x0000000000003162                tdc_get_afe_bp
 .text.tdc_set_sd
                0x000000000000318e       0x34 refdes169 THUMB Debug/tdc.o
                0x000000000000318e                tdc_set_sd
 .text.tdc_get_sd
                0x00000000000031c2       0x2c refdes169 THUMB Debug/tdc.o
                0x00000000000031c2                tdc_get_sd
 .text.tdc_set_afeout
                0x00000000000031ee       0x34 refdes169 THUMB Debug/tdc.o
                0x00000000000031ee                tdc_set_afeout
 .text.tdc_get_afeout
                0x0000000000003222       0x2c refdes169 THUMB Debug/tdc.o
                0x0000000000003222                tdc_get_afeout
 .text.tdc_set_4m_bp
                0x000000000000324e       0x2e refdes169 THUMB Debug/tdc.o
                0x000000000000324e                tdc_set_4m_bp
 .text.tdc_get_4m_bp
                0x000000000000327c       0x2c refdes169 THUMB Debug/tdc.o
                0x000000000000327c                tdc_get_4m_bp
 .text.tdc_set_f0
                0x00000000000032a8       0x34 refdes169 THUMB Debug/tdc.o
                0x00000000000032a8                tdc_set_f0
 .text.tdc_get_f0
                0x00000000000032dc       0x2c refdes169 THUMB Debug/tdc.o
                0x00000000000032dc                tdc_get_f0
 .text.tdc_set_pga
                0x0000000000003308       0x30 refdes169 THUMB Debug/tdc.o
                0x0000000000003308                tdc_set_pga
 .text.tdc_get_pga
                0x0000000000003338       0x2a refdes169 THUMB Debug/tdc.o
                0x0000000000003338                tdc_get_pga
 .text.tdc_set_lowq
                0x0000000000003362       0x32 refdes169 THUMB Debug/tdc.o
                0x0000000000003362                tdc_set_lowq
 .text.tdc_get_lowq
                0x0000000000003394       0x2a refdes169 THUMB Debug/tdc.o
                0x0000000000003394                tdc_get_lowq
 .text.tdc_set_bp_bp
                0x00000000000033be       0x2e refdes169 THUMB Debug/tdc.o
                0x00000000000033be                tdc_set_bp_bp
 .text.tdc_get_bp_bp
                0x00000000000033ec       0x28 refdes169 THUMB Debug/tdc.o
                0x00000000000033ec                tdc_get_bp_bp
 .text.tdc_set_pl
                0x0000000000003414       0x2e refdes169 THUMB Debug/tdc.o
                0x0000000000003414                tdc_set_pl
 .text.tdc_get_pl
                0x0000000000003442       0x2c refdes169 THUMB Debug/tdc.o
                0x0000000000003442                tdc_get_pl
 .text.tdc_set_dpl
                0x000000000000346e       0x30 refdes169 THUMB Debug/tdc.o
                0x000000000000346e                tdc_set_dpl
 .text.tdc_get_dpl
                0x000000000000349e       0x2a refdes169 THUMB Debug/tdc.o
                0x000000000000349e                tdc_get_dpl
 .text.tdc_set_stop_pol
                0x00000000000034c8       0x32 refdes169 THUMB Debug/tdc.o
                0x00000000000034c8                tdc_set_stop_pol
 .text.tdc_get_stop_pol
                0x00000000000034fa       0x2a refdes169 THUMB Debug/tdc.o
                0x00000000000034fa                tdc_get_stop_pol
 .text.tdc_set_stop
                0x0000000000003524       0x2e refdes169 THUMB Debug/tdc.o
                0x0000000000003524                tdc_set_stop
 .text.tdc_get_stop
                0x0000000000003552       0x2c refdes169 THUMB Debug/tdc.o
                0x0000000000003552                tdc_get_stop
 .text.tdc_set_t2wv
                0x000000000000357e       0x34 refdes169 THUMB Debug/tdc.o
                0x000000000000357e                tdc_set_t2wv
 .text.tdc_get_t2wv
                0x00000000000035b2       0x2c refdes169 THUMB Debug/tdc.o
                0x00000000000035b2                tdc_get_t2wv
 .text.tdc_set_tof_cyc
                0x00000000000035de       0x32 refdes169 THUMB Debug/tdc.o
                0x00000000000035de                tdc_set_tof_cyc
 .text.tdc_get_tof_cyc
                0x0000000000003610       0x2a refdes169 THUMB Debug/tdc.o
                0x0000000000003610                tdc_get_tof_cyc
 .text.tdc_set_timout
                0x000000000000363a       0x2e refdes169 THUMB Debug/tdc.o
                0x000000000000363a                tdc_set_timout
 .text.tdc_get_timeout
                0x0000000000003668       0x28 refdes169 THUMB Debug/tdc.o
                0x0000000000003668                tdc_get_timeout
 .text.tdc_set_hitwv
                0x0000000000003690       0x1e refdes169 THUMB Debug/tdc.o
                0x0000000000003690                tdc_set_hitwv
 .text.tdc_get_hitwv
                0x00000000000036ae       0x1e refdes169 THUMB Debug/tdc.o
                0x00000000000036ae                tdc_get_hitwv
 .text.tdc_set_c_offsetupr
                0x00000000000036cc       0x30 refdes169 THUMB Debug/tdc.o
                0x00000000000036cc                tdc_set_c_offsetupr
 .text.tdc_get_c_offsetupr
                0x00000000000036fc       0x2e refdes169 THUMB Debug/tdc.o
                0x00000000000036fc                tdc_get_c_offsetupr
 .text.tdc_set_c_offsetup
                0x000000000000372a       0x30 refdes169 THUMB Debug/tdc.o
                0x000000000000372a                tdc_set_c_offsetup
 .text.tdc_get_c_offsetup
                0x000000000000375a       0x28 refdes169 THUMB Debug/tdc.o
                0x000000000000375a                tdc_get_c_offsetup
 .text.tdc_set_c_offsetdnr
                0x0000000000003782       0x30 refdes169 THUMB Debug/tdc.o
                0x0000000000003782                tdc_set_c_offsetdnr
 .text.tdc_get_c_offsetdnr
                0x00000000000037b2       0x2e refdes169 THUMB Debug/tdc.o
                0x00000000000037b2                tdc_get_c_offsetdnr
 .text.tdc_set_c_offsetdn
                0x00000000000037e0       0x30 refdes169 THUMB Debug/tdc.o
                0x00000000000037e0                tdc_set_c_offsetdn
 .text.tdc_get_c_offsetdn
                0x0000000000003810       0x28 refdes169 THUMB Debug/tdc.o
                0x0000000000003810                tdc_get_c_offsetdn
 .text.tdc_set_tdf
                0x0000000000003838       0x2e refdes169 THUMB Debug/tdc.o
                0x0000000000003838                tdc_set_tdf
 .text.tdc_get_tdf
                0x0000000000003866       0x2c refdes169 THUMB Debug/tdc.o
                0x0000000000003866                tdc_get_tdf
 .text.tdc_set_tdm
                0x0000000000003892       0x34 refdes169 THUMB Debug/tdc.o
                0x0000000000003892                tdc_set_tdm
 .text.tdc_get_tdm
                0x00000000000038c6       0x2c refdes169 THUMB Debug/tdc.o
                0x00000000000038c6                tdc_get_tdm
 .text.tdc_set_tmf
                0x00000000000038f2       0x32 refdes169 THUMB Debug/tdc.o
                0x00000000000038f2                tdc_set_tmf
 .text.tdc_get_tmf
                0x0000000000003924       0x2a refdes169 THUMB Debug/tdc.o
                0x0000000000003924                tdc_get_tmf
 .text.tdc_set_tmm
                0x000000000000394e       0x2e refdes169 THUMB Debug/tdc.o
                0x000000000000394e                tdc_set_tmm
 .text.tdc_get_tmm
                0x000000000000397c       0x2c refdes169 THUMB Debug/tdc.o
                0x000000000000397c                tdc_get_tmm
 .text.tdc_set_cal_use
                0x00000000000039a8       0x34 refdes169 THUMB Debug/tdc.o
                0x00000000000039a8                tdc_set_cal_use
 .text.tdc_get_cal_use
                0x00000000000039dc       0x2c refdes169 THUMB Debug/tdc.o
                0x00000000000039dc                tdc_get_cal_use
 .text.tdc_set_cal_cfg
                0x0000000000003a08       0x34 refdes169 THUMB Debug/tdc.o
                0x0000000000003a08                tdc_set_cal_cfg
 .text.tdc_get_cal_cfg
                0x0000000000003a3c       0x2c refdes169 THUMB Debug/tdc.o
                0x0000000000003a3c                tdc_get_cal_cfg
 .text.tdc_set_precyc
                0x0000000000003a68       0x32 refdes169 THUMB Debug/tdc.o
                0x0000000000003a68                tdc_set_precyc
 .text.tdc_get_precyc
                0x0000000000003a9a       0x2a refdes169 THUMB Debug/tdc.o
                0x0000000000003a9a                tdc_get_precyc
 .text.tdc_set_portcyc
                0x0000000000003ac4       0x2e refdes169 THUMB Debug/tdc.o
                0x0000000000003ac4                tdc_set_portcyc
 .text.tdc_get_portcyc
                0x0000000000003af2       0x28 refdes169 THUMB Debug/tdc.o
                0x0000000000003af2                tdc_get_portcyc
 .text.tdc_set_dly
                0x0000000000003b1a       0x2a refdes169 THUMB Debug/tdc.o
                0x0000000000003b1a                tdc_set_dly
 .text.tdc_get_dly
                0x0000000000003b44       0x2a refdes169 THUMB Debug/tdc.o
                0x0000000000003b44                tdc_get_dly
 .text.tdc_set_cmp_en
                0x0000000000003b6e       0x34 refdes169 THUMB Debug/tdc.o
                0x0000000000003b6e                tdc_set_cmp_en
 .text.tdc_get_cmp_en
                0x0000000000003ba2       0x2c refdes169 THUMB Debug/tdc.o
                0x0000000000003ba2                tdc_get_cmp_en
 .text.tdc_set_cmp_sel
                0x0000000000003bce       0x34 refdes169 THUMB Debug/tdc.o
                0x0000000000003bce                tdc_set_cmp_sel
 .text.tdc_get_cmp_sel
                0x0000000000003c02       0x2c refdes169 THUMB Debug/tdc.o
                0x0000000000003c02                tdc_get_cmp_sel
 .text.tdc_set_et_cont
                0x0000000000003c2e       0x34 refdes169 THUMB Debug/tdc.o
                0x0000000000003c2e                tdc_set_et_cont
 .text.tdc_get_et_cont
                0x0000000000003c62       0x2c refdes169 THUMB Debug/tdc.o
                0x0000000000003c62                tdc_get_et_cont
 .text.tdc_set_cont_int
                0x0000000000003c8e       0x30 refdes169 THUMB Debug/tdc.o
                0x0000000000003c8e                tdc_set_cont_int
 .text.tdc_get_cont_int
                0x0000000000003cbe       0x2a refdes169 THUMB Debug/tdc.o
                0x0000000000003cbe                tdc_get_cont_int
 .text.tdc_set_clk_s
                0x0000000000003ce8       0x32 refdes169 THUMB Debug/tdc.o
                0x0000000000003ce8                tdc_set_clk_s
 .text.tdc_get_clk_s
                0x0000000000003d1a       0x2a refdes169 THUMB Debug/tdc.o
                0x0000000000003d1a                tdc_get_clk_s
 .text.tdc_set_cal_period
                0x0000000000003d44       0x2e refdes169 THUMB Debug/tdc.o
                0x0000000000003d44                tdc_set_cal_period
 .text.tdc_get_cal_period
                0x0000000000003d72       0x28 refdes169 THUMB Debug/tdc.o
                0x0000000000003d72                tdc_get_cal_period
 .text.tdc_set_32k_bp
                0x0000000000003d9a       0x32 refdes169 THUMB Debug/tdc.o
                0x0000000000003d9a                tdc_set_32k_bp
 .text.tdc_get_32k_bp
                0x0000000000003dcc       0x2a refdes169 THUMB Debug/tdc.o
                0x0000000000003dcc                tdc_get_32k_bp
 .text.tdc_set_32k_en
                0x0000000000003df6       0x32 refdes169 THUMB Debug/tdc.o
                0x0000000000003df6                tdc_set_32k_en
 .text.tdc_get_32k_en
                0x0000000000003e28       0x2a refdes169 THUMB Debug/tdc.o
                0x0000000000003e28                tdc_get_32k_en
 .text.tdc_set_eosc
                0x0000000000003e52       0x32 refdes169 THUMB Debug/tdc.o
                0x0000000000003e52                tdc_set_eosc
 .text.tdc_get_eosc
                0x0000000000003e84       0x2a refdes169 THUMB Debug/tdc.o
                0x0000000000003e84                tdc_get_eosc
 .text.tdc_set_am
                0x0000000000003eae       0x32 refdes169 THUMB Debug/tdc.o
                0x0000000000003eae                tdc_set_am
 .text.tdc_get_am
                0x0000000000003ee0       0x2a refdes169 THUMB Debug/tdc.o
                0x0000000000003ee0                tdc_get_am
 .text.tdc_set_wf
                0x0000000000003f0a       0x32 refdes169 THUMB Debug/tdc.o
                0x0000000000003f0a                tdc_set_wf
 .text.tdc_get_wf
                0x0000000000003f3c       0x2a refdes169 THUMB Debug/tdc.o
                0x0000000000003f3c                tdc_get_wf
 .text.tdc_set_wd
                0x0000000000003f66       0x2e refdes169 THUMB Debug/tdc.o
                0x0000000000003f66                tdc_set_wd
 .text.tdc_get_wd
                0x0000000000003f94       0x28 refdes169 THUMB Debug/tdc.o
                0x0000000000003f94                tdc_get_wd
 .text.tdc_cmd_bpcal
                0x0000000000003fbc       0x24 refdes169 THUMB Debug/tdc.o
                0x0000000000003fbc                tdc_cmd_bpcal
 .text.tdc_cmd_tof_diff
                0x0000000000003fe0       0x14 refdes169 THUMB Debug/tdc.o
                0x0000000000003fe0                tdc_cmd_tof_diff
 .text.tdc_cmd_read_config
                0x0000000000003ff4       0x1e refdes169 THUMB Debug/tdc.o
                0x0000000000003ff4                tdc_cmd_read_config
 .text.tdc_cmd_tof_up
                0x0000000000004012       0x14 refdes169 THUMB Debug/tdc.o
                0x0000000000004012                tdc_cmd_tof_up
 .text.tdc_cmd_tof_down
                0x0000000000004026       0x14 refdes169 THUMB Debug/tdc.o
                0x0000000000004026                tdc_cmd_tof_down
 .text.main     0x000000000000403a       0x22 refdes169 THUMB Debug/main.o
                0x000000000000403a                main
 .text.pvPortMalloc
                0x000000000000405c      0x18c refdes169 THUMB Debug/heap_4.o
                0x000000000000405c                pvPortMalloc
 .text.vPortFree
                0x00000000000041e8       0xb0 refdes169 THUMB Debug/heap_4.o
                0x00000000000041e8                vPortFree
 .text.prvHeapInit
                0x0000000000004298       0xbc refdes169 THUMB Debug/heap_4.o
 .text.prvInsertBlockIntoFreeList
                0x0000000000004354       0xa8 refdes169 THUMB Debug/heap_4.o
 .text.vListInitialise
                0x00000000000043fc       0x36 refdes169 THUMB Debug/list.o
                0x00000000000043fc                vListInitialise
 .text.vListInitialiseItem
                0x0000000000004432       0x10 refdes169 THUMB Debug/list.o
                0x0000000000004432                vListInitialiseItem
 .text.vListInsertEnd
                0x0000000000004442       0x3e refdes169 THUMB Debug/list.o
                0x0000000000004442                vListInsertEnd
 .text.vListInsert
                0x0000000000004480       0x68 refdes169 THUMB Debug/list.o
                0x0000000000004480                vListInsert
 .text.uxListRemove
                0x00000000000044e8       0x4a refdes169 THUMB Debug/list.o
                0x00000000000044e8                uxListRemove
 *fill*         0x0000000000004532        0x2 
 .text.pxPortInitialiseStack
                0x0000000000004534       0x60 refdes169 THUMB Debug/port.o
                0x0000000000004534                pxPortInitialiseStack
 .text.prvTaskExitError
                0x0000000000004594       0x48 refdes169 THUMB Debug/port.o
 *fill*         0x00000000000045dc        0x4 
 .text.SVC_Handler
                0x00000000000045e0       0x28 refdes169 THUMB Debug/port.o
                0x00000000000045e0                SVC_Handler
 .text.prvPortStartFirstTask
                0x0000000000004608       0x28 refdes169 THUMB Debug/port.o
 .text.xPortStartScheduler
                0x0000000000004630      0x164 refdes169 THUMB Debug/port.o
                0x0000000000004630                xPortStartScheduler
 .text.vPortEnterCritical
                0x0000000000004794       0x54 refdes169 THUMB Debug/port.o
                0x0000000000004794                vPortEnterCritical
 .text.vPortExitCritical
                0x00000000000047e8       0x44 refdes169 THUMB Debug/port.o
                0x00000000000047e8                vPortExitCritical
 *fill*         0x000000000000482c        0x4 
 .text.PendSV_Handler
                0x0000000000004830       0x68 refdes169 THUMB Debug/port.o
                0x0000000000004830                PendSV_Handler
 .text.SysTick_Handler
                0x0000000000004898       0x40 refdes169 THUMB Debug/port.o
                0x0000000000004898                SysTick_Handler
 .text.vPortSetupTimerInterrupt
                0x00000000000048d8       0x34 refdes169 THUMB Debug/port.o
                0x00000000000048d8                vPortSetupTimerInterrupt
 .text.vPortEnableVFP
                0x000000000000490c       0x14 refdes169 THUMB Debug/port.o
 .text.vPortValidateInterruptPriority
                0x0000000000004920       0x74 refdes169 THUMB Debug/port.o
                0x0000000000004920                vPortValidateInterruptPriority
 .text.xQueueGenericReset
                0x0000000000004994       0xcc refdes169 THUMB Debug/queue.o
                0x0000000000004994                xQueueGenericReset
 .text.xQueueGenericCreate
                0x0000000000004a60       0x74 refdes169 THUMB Debug/queue.o
                0x0000000000004a60                xQueueGenericCreate
 .text.prvInitialiseNewQueue
                0x0000000000004ad4       0x44 refdes169 THUMB Debug/queue.o
 .text.xQueueGenericSend
                0x0000000000004b18      0x218 refdes169 THUMB Debug/queue.o
                0x0000000000004b18                xQueueGenericSend
 .text.xQueueGenericSendFromISR
                0x0000000000004d30      0x14a refdes169 THUMB Debug/queue.o
                0x0000000000004d30                xQueueGenericSendFromISR
 .text.xQueueGiveFromISR
                0x0000000000004e7a      0x134 refdes169 THUMB Debug/queue.o
                0x0000000000004e7a                xQueueGiveFromISR
 *fill*         0x0000000000004fae        0x2 
 .text.xQueueReceive
                0x0000000000004fb0      0x1b4 refdes169 THUMB Debug/queue.o
                0x0000000000004fb0                xQueueReceive
 .text.xQueueSemaphoreTake
                0x0000000000005164      0x208 refdes169 THUMB Debug/queue.o
                0x0000000000005164                xQueueSemaphoreTake
 .text.xQueueReceiveFromISR
                0x000000000000536c       0xf8 refdes169 THUMB Debug/queue.o
                0x000000000000536c                xQueueReceiveFromISR
 .text.prvGetDisinheritPriorityAfterTimeout
                0x0000000000005464       0x26 refdes169 THUMB Debug/queue.o
 .text.prvCopyDataToQueue
                0x000000000000548a       0xd2 refdes169 THUMB Debug/queue.o
 .text.prvCopyDataFromQueue
                0x000000000000555c       0x4a refdes169 THUMB Debug/queue.o
 .text.prvUnlockQueue
                0x00000000000055a6       0xca refdes169 THUMB Debug/queue.o
 .text.prvIsQueueEmpty
                0x0000000000005670       0x2a refdes169 THUMB Debug/queue.o
 .text.prvIsQueueFull
                0x000000000000569a       0x2e refdes169 THUMB Debug/queue.o
 .text.vQueueAddToRegistry
                0x00000000000056c8       0x48 refdes169 THUMB Debug/queue.o
                0x00000000000056c8                vQueueAddToRegistry
 .text.vQueueWaitForMessageRestricted
                0x0000000000005710       0x66 refdes169 THUMB Debug/queue.o
                0x0000000000005710                vQueueWaitForMessageRestricted
 .text.xQueueCreateSet
                0x0000000000005776       0x1c refdes169 THUMB Debug/queue.o
                0x0000000000005776                xQueueCreateSet
 .text.xQueueAddToSet
                0x0000000000005792       0x40 refdes169 THUMB Debug/queue.o
                0x0000000000005792                xQueueAddToSet
 .text.xQueueSelectFromSet
                0x00000000000057d2       0x22 refdes169 THUMB Debug/queue.o
                0x00000000000057d2                xQueueSelectFromSet
 .text.prvNotifyQueueSetContainer
                0x00000000000057f4       0xb2 refdes169 THUMB Debug/queue.o
 .text.xStreamBufferGenericCreate
                0x00000000000058a6       0x80 refdes169 THUMB Debug/stream_buffer.o
                0x00000000000058a6                xStreamBufferGenericCreate
 .text.xStreamBufferSpacesAvailable
                0x0000000000005926       0x5a refdes169 THUMB Debug/stream_buffer.o
                0x0000000000005926                xStreamBufferSpacesAvailable
 .text.xStreamBufferSend
                0x0000000000005980      0x142 refdes169 THUMB Debug/stream_buffer.o
                0x0000000000005980                xStreamBufferSend
 .text.prvWriteMessageToBuffer
                0x0000000000005ac2       0x78 refdes169 THUMB Debug/stream_buffer.o
 .text.xStreamBufferReceive
                0x0000000000005b3a      0x124 refdes169 THUMB Debug/stream_buffer.o
                0x0000000000005b3a                xStreamBufferReceive
 .text.xStreamBufferReceiveFromISR
                0x0000000000005c5e       0xd6 refdes169 THUMB Debug/stream_buffer.o
                0x0000000000005c5e                xStreamBufferReceiveFromISR
 .text.prvReadMessageFromBuffer
                0x0000000000005d34       0x5c refdes169 THUMB Debug/stream_buffer.o
 .text.prvWriteBytesToBuffer
                0x0000000000005d90       0xdc refdes169 THUMB Debug/stream_buffer.o
 .text.prvReadBytesFromBuffer
                0x0000000000005e6c       0xec refdes169 THUMB Debug/stream_buffer.o
 .text.prvBytesInBuffer
                0x0000000000005f58       0x36 refdes169 THUMB Debug/stream_buffer.o
 .text.prvInitialiseNewStreamBuffer
                0x0000000000005f8e       0x6e refdes169 THUMB Debug/stream_buffer.o
 .text.xTaskCreate
                0x0000000000005ffc       0x86 refdes169 THUMB Debug/tasks.o
                0x0000000000005ffc                xTaskCreate
 .text.prvInitialiseNewTask
                0x0000000000006082      0x10a refdes169 THUMB Debug/tasks.o
 .text.prvAddNewTaskToReadyList
                0x000000000000618c       0xd4 refdes169 THUMB Debug/tasks.o
 .text.vTaskDelay
                0x0000000000006260       0x64 refdes169 THUMB Debug/tasks.o
                0x0000000000006260                vTaskDelay
 .text.vTaskStartScheduler
                0x00000000000062c4       0x98 refdes169 THUMB Debug/tasks.o
                0x00000000000062c4                vTaskStartScheduler
 .text.vTaskSuspendAll
                0x000000000000635c       0x14 refdes169 THUMB Debug/tasks.o
                0x000000000000635c                vTaskSuspendAll
 .text.xTaskResumeAll
                0x0000000000006370      0x134 refdes169 THUMB Debug/tasks.o
                0x0000000000006370                xTaskResumeAll
 .text.xTaskGetTickCount
                0x00000000000064a4       0x14 refdes169 THUMB Debug/tasks.o
                0x00000000000064a4                xTaskGetTickCount
 .text.xTaskIncrementTick
                0x00000000000064b8      0x178 refdes169 THUMB Debug/tasks.o
                0x00000000000064b8                xTaskIncrementTick
 .text.vTaskSwitchContext
                0x0000000000006630      0x100 refdes169 THUMB Debug/tasks.o
                0x0000000000006630                vTaskSwitchContext
 .text.vTaskPlaceOnEventList
                0x0000000000006730       0x44 refdes169 THUMB Debug/tasks.o
                0x0000000000006730                vTaskPlaceOnEventList
 .text.vTaskPlaceOnEventListRestricted
                0x0000000000006774       0x54 refdes169 THUMB Debug/tasks.o
                0x0000000000006774                vTaskPlaceOnEventListRestricted
 .text.xTaskRemoveFromEventList
                0x00000000000067c8       0xc0 refdes169 THUMB Debug/tasks.o
                0x00000000000067c8                xTaskRemoveFromEventList
 .text.vTaskSetTimeOutState
                0x0000000000006888       0x48 refdes169 THUMB Debug/tasks.o
                0x0000000000006888                vTaskSetTimeOutState
 .text.vTaskInternalSetTimeOutState
                0x00000000000068d0       0x24 refdes169 THUMB Debug/tasks.o
                0x00000000000068d0                vTaskInternalSetTimeOutState
 .text.xTaskCheckForTimeOut
                0x00000000000068f4       0xc0 refdes169 THUMB Debug/tasks.o
                0x00000000000068f4                xTaskCheckForTimeOut
 .text.vTaskMissedYield
                0x00000000000069b4       0x10 refdes169 THUMB Debug/tasks.o
                0x00000000000069b4                vTaskMissedYield
 .text.prvIdleTask
                0x00000000000069c4       0x30 refdes169 THUMB Debug/tasks.o
 .text.prvInitialiseTaskLists
                0x00000000000069f4       0x7c refdes169 THUMB Debug/tasks.o
 .text.prvCheckTasksWaitingTermination
                0x0000000000006a70       0x58 refdes169 THUMB Debug/tasks.o
 .text.prvDeleteTCB
                0x0000000000006ac8       0x1e refdes169 THUMB Debug/tasks.o
 *fill*         0x0000000000006ae6        0x2 
 .text.prvResetNextTaskUnblockTime
                0x0000000000006ae8       0x40 refdes169 THUMB Debug/tasks.o
 .text.xTaskGetCurrentTaskHandle
                0x0000000000006b28       0x14 refdes169 THUMB Debug/tasks.o
                0x0000000000006b28                xTaskGetCurrentTaskHandle
 .text.xTaskGetSchedulerState
                0x0000000000006b3c       0x34 refdes169 THUMB Debug/tasks.o
                0x0000000000006b3c                xTaskGetSchedulerState
 .text.xTaskPriorityInherit
                0x0000000000006b70      0x108 refdes169 THUMB Debug/tasks.o
                0x0000000000006b70                xTaskPriorityInherit
 .text.xTaskPriorityDisinherit
                0x0000000000006c78      0x104 refdes169 THUMB Debug/tasks.o
                0x0000000000006c78                xTaskPriorityDisinherit
 .text.vTaskPriorityDisinheritAfterTimeout
                0x0000000000006d7c      0x138 refdes169 THUMB Debug/tasks.o
                0x0000000000006d7c                vTaskPriorityDisinheritAfterTimeout
 .text.pvTaskIncrementMutexHeldCount
                0x0000000000006eb4       0x20 refdes169 THUMB Debug/tasks.o
                0x0000000000006eb4                pvTaskIncrementMutexHeldCount
 .text.xTaskNotifyWait
                0x0000000000006ed4       0xb4 refdes169 THUMB Debug/tasks.o
                0x0000000000006ed4                xTaskNotifyWait
 .text.xTaskGenericNotify
                0x0000000000006f88      0x148 refdes169 THUMB Debug/tasks.o
                0x0000000000006f88                xTaskGenericNotify
 .text.xTaskGenericNotifyFromISR
                0x00000000000070d0      0x18c refdes169 THUMB Debug/tasks.o
                0x00000000000070d0                xTaskGenericNotifyFromISR
 .text.xTaskNotifyStateClear
                0x000000000000725c       0x4c refdes169 THUMB Debug/tasks.o
                0x000000000000725c                xTaskNotifyStateClear
 .text.prvAddCurrentTaskToDelayedList
                0x00000000000072a8       0xc8 refdes169 THUMB Debug/tasks.o
 .text.xTimerCreateTimerTask
                0x0000000000007370       0x60 refdes169 THUMB Debug/timers.o
                0x0000000000007370                xTimerCreateTimerTask
 .text.xTimerGenericCommand
                0x00000000000073d0       0x90 refdes169 THUMB Debug/timers.o
                0x00000000000073d0                xTimerGenericCommand
 .text.prvProcessExpiredTimer
                0x0000000000007460       0x7c refdes169 THUMB Debug/timers.o
 .text.prvTimerTask
                0x00000000000074dc       0x20 refdes169 THUMB Debug/timers.o
 .text.prvProcessTimerOrBlockTask
                0x00000000000074fc       0x98 refdes169 THUMB Debug/timers.o
 .text.prvGetNextExpireTime
                0x0000000000007594       0x40 refdes169 THUMB Debug/timers.o
 .text.prvSampleTimeNow
                0x00000000000075d4       0x3c refdes169 THUMB Debug/timers.o
 .text.prvInsertTimerInActiveList
                0x0000000000007610       0x84 refdes169 THUMB Debug/timers.o
 .text.prvProcessReceivedCommands
                0x0000000000007694      0x11c refdes169 THUMB Debug/timers.o
 .text.prvSwitchTimerLists
                0x00000000000077b0       0xc0 refdes169 THUMB Debug/timers.o
 .text.prvCheckForValidListAndQueue
                0x0000000000007870       0x6c refdes169 THUMB Debug/timers.o
 .text.vApplicationStackOverflowHook
                0x00000000000078dc       0x1a refdes169 THUMB Debug/freertos_hooks.o
                0x00000000000078dc                vApplicationStackOverflowHook
 .text.vApplicationMallocFailedHook
                0x00000000000078f6       0x16 refdes169 THUMB Debug/freertos_hooks.o
                0x00000000000078f6                vApplicationMallocFailedHook
 .text.uart_write_cb
                0x000000000000790c       0xc8 refdes169 THUMB Debug/com.o
 .text.com_printf
                0x00000000000079d4       0x4c refdes169 THUMB Debug/com.o
 .text.skip_space
                0x0000000000007a20       0x28 refdes169 THUMB Debug/com.o
 .text.get_enum_value
                0x0000000000007a48       0x66 refdes169 THUMB Debug/com.o
 .text.get_enum_tag
                0x0000000000007aae       0x58 refdes169 THUMB Debug/com.o
 .text.binary   0x0000000000007b06       0x32 refdes169 THUMB Debug/com.o
 .text.sfreq_set
                0x0000000000007b38       0x38 refdes169 THUMB Debug/com.o
 .text.sfreq_get
                0x0000000000007b70       0x3c refdes169 THUMB Debug/com.o
 .text.dreq_set
                0x0000000000007bac       0x38 refdes169 THUMB Debug/com.o
 .text.dreq_get
                0x0000000000007be4       0x3c refdes169 THUMB Debug/com.o
 .text.hreg_d_set
                0x0000000000007c20       0x42 refdes169 THUMB Debug/com.o
 *fill*         0x0000000000007c62        0x2 
 .text.hreg_d_get
                0x0000000000007c64       0x38 refdes169 THUMB Debug/com.o
 .text.vs_set   0x0000000000007c9c       0xe8 refdes169 THUMB Debug/com.o
 .text.vs_get   0x0000000000007d84       0x98 refdes169 THUMB Debug/com.o
 .text.lt_n_set
                0x0000000000007e1c       0x38 refdes169 THUMB Debug/com.o
 .text.lt_n_get
                0x0000000000007e54       0x58 refdes169 THUMB Debug/com.o
 .text.lt_s_set
                0x0000000000007eac       0x38 refdes169 THUMB Debug/com.o
 .text.lt_s_get
                0x0000000000007ee4       0x58 refdes169 THUMB Debug/com.o
 .text.st_set   0x0000000000007f3c       0x7c refdes169 THUMB Debug/com.o
 .text.st_get   0x0000000000007fb8       0x38 refdes169 THUMB Debug/com.o
 .text.lt_50d_set
                0x0000000000007ff0       0x42 refdes169 THUMB Debug/com.o
 *fill*         0x0000000000008032        0x2 
 .text.lt_50d_get
                0x0000000000008034       0x3c refdes169 THUMB Debug/com.o
 .text.pecho_set
                0x0000000000008070       0x42 refdes169 THUMB Debug/com.o
 *fill*         0x00000000000080b2        0x2 
 .text.pecho_get
                0x00000000000080b4       0x3c refdes169 THUMB Debug/com.o
 .text.afe_bp_set
                0x00000000000080f0       0x42 refdes169 THUMB Debug/com.o
 *fill*         0x0000000000008132        0x2 
 .text.afe_bp_get
                0x0000000000008134       0x3c refdes169 THUMB Debug/com.o
 .text.sd_en_set
                0x0000000000008170       0x42 refdes169 THUMB Debug/com.o
 *fill*         0x00000000000081b2        0x2 
 .text.sd_en_get
                0x00000000000081b4       0x3c refdes169 THUMB Debug/com.o
 .text.afeout_set
                0x00000000000081f0       0x38 refdes169 THUMB Debug/com.o
 .text.afeout_get
                0x0000000000008228       0x3c refdes169 THUMB Debug/com.o
 .text._4m_bp_set
                0x0000000000008264       0x42 refdes169 THUMB Debug/com.o
 *fill*         0x00000000000082a6        0x2 
 .text._4m_bp_get
                0x00000000000082a8       0x3c refdes169 THUMB Debug/com.o
 .text.f0_set   0x00000000000082e4       0x32 refdes169 THUMB Debug/com.o
 *fill*         0x0000000000008316        0x2 
 .text.f0_get   0x0000000000008318       0x28 refdes169 THUMB Debug/com.o
 .text.pga_set  0x0000000000008340       0xc0 refdes169 THUMB Debug/com.o
 .text.pga_get  0x0000000000008400       0x58 refdes169 THUMB Debug/com.o
 .text.lowq_set
                0x0000000000008458       0x38 refdes169 THUMB Debug/com.o
 .text.lowq_get
                0x0000000000008490       0x3c refdes169 THUMB Debug/com.o
 .text.bp_bp_set
                0x00000000000084cc       0x42 refdes169 THUMB Debug/com.o
 *fill*         0x000000000000850e        0x2 
 .text.bp_bp_get
                0x0000000000008510       0x3c refdes169 THUMB Debug/com.o
 .text.pl_set   0x000000000000854c       0x32 refdes169 THUMB Debug/com.o
 *fill*         0x000000000000857e        0x2 
 .text.pl_get   0x0000000000008580       0x28 refdes169 THUMB Debug/com.o
 .text.dpl_set  0x00000000000085a8       0xc4 refdes169 THUMB Debug/com.o
 .text.dpl_get  0x000000000000866c       0x58 refdes169 THUMB Debug/com.o
 .text.stop_pol_set
                0x00000000000086c4       0x42 refdes169 THUMB Debug/com.o
 *fill*         0x0000000000008706        0x2 
 .text.stop_pol_get
                0x0000000000008708       0x3c refdes169 THUMB Debug/com.o
 .text.stop_set
                0x0000000000008744       0x44 refdes169 THUMB Debug/com.o
 .text.stop_get
                0x0000000000008788       0x3c refdes169 THUMB Debug/com.o
 .text.t2wv_set
                0x00000000000087c4       0x3a refdes169 THUMB Debug/com.o
 *fill*         0x00000000000087fe        0x2 
 .text.t2wv_get
                0x0000000000008800       0x28 refdes169 THUMB Debug/com.o
 .text.tof_cyc_set
                0x0000000000008828       0x38 refdes169 THUMB Debug/com.o
 .text.tof_cyc_get
                0x0000000000008860       0x3c refdes169 THUMB Debug/com.o
 .text.timout_set
                0x000000000000889c       0x38 refdes169 THUMB Debug/com.o
 .text.timout_get
                0x00000000000088d4       0x3c refdes169 THUMB Debug/com.o
 .text.hitwv_set
                0x0000000000008910      0x18c refdes169 THUMB Debug/com.o
 .text.hitwv_get
                0x0000000000008a9c       0x48 refdes169 THUMB Debug/com.o
 .text.c_offsetupr_set
                0x0000000000008ae4       0x26 refdes169 THUMB Debug/com.o
 *fill*         0x0000000000008b0a        0x2 
 .text.c_offsetupr_get
                0x0000000000008b0c       0x28 refdes169 THUMB Debug/com.o
 .text.c_offsetup_set
                0x0000000000008b34       0x26 refdes169 THUMB Debug/com.o
 *fill*         0x0000000000008b5a        0x2 
 .text.c_offsetup_get
                0x0000000000008b5c       0x28 refdes169 THUMB Debug/com.o
 .text.c_offsetdnr_set
                0x0000000000008b84       0x26 refdes169 THUMB Debug/com.o
 *fill*         0x0000000000008baa        0x2 
 .text.c_offsetdnr_get
                0x0000000000008bac       0x28 refdes169 THUMB Debug/com.o
 .text.c_offsetdn_set
                0x0000000000008bd4       0x26 refdes169 THUMB Debug/com.o
 *fill*         0x0000000000008bfa        0x2 
 .text.c_offsetdn_get
                0x0000000000008bfc       0x28 refdes169 THUMB Debug/com.o
 .text.tdf_get  0x0000000000008c24       0x54 refdes169 THUMB Debug/com.o
 .text.tdf_set  0x0000000000008c78       0x6e refdes169 THUMB Debug/com.o
 *fill*         0x0000000000008ce6        0x2 
 .text.tdm_get  0x0000000000008ce8       0x2c refdes169 THUMB Debug/com.o
 .text.tdm_set  0x0000000000008d14       0x42 refdes169 THUMB Debug/com.o
 *fill*         0x0000000000008d56        0x2 
 .text.tmf_set  0x0000000000008d58       0xdc refdes169 THUMB Debug/com.o
 .text.tmf_get  0x0000000000008e34       0x2c refdes169 THUMB Debug/com.o
 .text.tmm_set  0x0000000000008e60       0x3e refdes169 THUMB Debug/com.o
 *fill*         0x0000000000008e9e        0x2 
 .text.tmm_get  0x0000000000008ea0       0x2c refdes169 THUMB Debug/com.o
 .text.cal_use_set
                0x0000000000008ecc       0x42 refdes169 THUMB Debug/com.o
 *fill*         0x0000000000008f0e        0x2 
 .text.cal_use_get
                0x0000000000008f10       0x38 refdes169 THUMB Debug/com.o
 .text.cal_cfg_set
                0x0000000000008f48       0x38 refdes169 THUMB Debug/com.o
 .text.cal_cfg_get
                0x0000000000008f80       0x3c refdes169 THUMB Debug/com.o
 .text.precyc_set
                0x0000000000008fbc       0x32 refdes169 THUMB Debug/com.o
 *fill*         0x0000000000008fee        0x2 
 .text.precyc_get
                0x0000000000008ff0       0x28 refdes169 THUMB Debug/com.o
 .text.portcyc_set
                0x0000000000009018       0x38 refdes169 THUMB Debug/com.o
 .text.portcyc_get
                0x0000000000009050       0x3c refdes169 THUMB Debug/com.o
 .text.dly_set  0x000000000000908c       0x84 refdes169 THUMB Debug/com.o
 .text.dly_get  0x0000000000009110       0x50 refdes169 THUMB Debug/com.o
 .text.cmp_en_set
                0x0000000000009160       0x42 refdes169 THUMB Debug/com.o
 *fill*         0x00000000000091a2        0x2 
 .text.cmp_en_get
                0x00000000000091a4       0x38 refdes169 THUMB Debug/com.o
 .text.cmp_sel_set
                0x00000000000091dc       0x42 refdes169 THUMB Debug/com.o
 *fill*         0x000000000000921e        0x2 
 .text.cmp_sel_get
                0x0000000000009220       0x3c refdes169 THUMB Debug/com.o
 .text.et_cont_set
                0x000000000000925c       0x42 refdes169 THUMB Debug/com.o
 *fill*         0x000000000000929e        0x2 
 .text.et_cont_get
                0x00000000000092a0       0x3c refdes169 THUMB Debug/com.o
 .text.cont_int_set
                0x00000000000092dc       0x42 refdes169 THUMB Debug/com.o
 *fill*         0x000000000000931e        0x2 
 .text.cont_int_get
                0x0000000000009320       0x3c refdes169 THUMB Debug/com.o
 .text.clk_s_set
                0x000000000000935c       0x38 refdes169 THUMB Debug/com.o
 .text.clk_s_get
                0x0000000000009394       0x3c refdes169 THUMB Debug/com.o
 .text.cal_period_set
                0x00000000000093d0       0x9c refdes169 THUMB Debug/com.o
 .text.cal_period_get
                0x000000000000946c       0x54 refdes169 THUMB Debug/com.o
 .text._32k_bp_set
                0x00000000000094c0       0x42 refdes169 THUMB Debug/com.o
 *fill*         0x0000000000009502        0x2 
 .text._32k_bp_get
                0x0000000000009504       0x3c refdes169 THUMB Debug/com.o
 .text._32k_en_set
                0x0000000000009540       0x42 refdes169 THUMB Debug/com.o
 *fill*         0x0000000000009582        0x2 
 .text._32k_en_get
                0x0000000000009584       0x3c refdes169 THUMB Debug/com.o
 .text.eosc_set
                0x00000000000095c0       0x42 refdes169 THUMB Debug/com.o
 *fill*         0x0000000000009602        0x2 
 .text.eosc_get
                0x0000000000009604       0x3c refdes169 THUMB Debug/com.o
 .text.am_set   0x0000000000009640       0x38 refdes169 THUMB Debug/com.o
 .text.am_get   0x0000000000009678       0x3c refdes169 THUMB Debug/com.o
 .text.wf_set   0x00000000000096b4       0x42 refdes169 THUMB Debug/com.o
 *fill*         0x00000000000096f6        0x2 
 .text.wf_get   0x00000000000096f8       0x3c refdes169 THUMB Debug/com.o
 .text.wd_en_set
                0x0000000000009734       0x42 refdes169 THUMB Debug/com.o
 *fill*         0x0000000000009776        0x2 
 .text.wd_en_get
                0x0000000000009778       0x3c refdes169 THUMB Debug/com.o
 .text.record_command
                0x00000000000097b4       0x60 refdes169 THUMB Debug/com.o
 .text.retrieve_command
                0x0000000000009814       0x70 refdes169 THUMB Debug/com.o
 .text.escape   0x0000000000009884       0x74 refdes169 THUMB Debug/com.o
 .text.tof_up_cmd
                0x00000000000098f8       0x14 refdes169 THUMB Debug/com.o
 .text.tof_down_cmd
                0x000000000000990c       0x14 refdes169 THUMB Debug/com.o
 .text.tof_diff_cmd
                0x0000000000009920       0x14 refdes169 THUMB Debug/com.o
 .text.temp_cmd
                0x0000000000009934       0x16 refdes169 THUMB Debug/com.o
 *fill*         0x000000000000994a        0x2 
 .text.reset_cmd
                0x000000000000994c       0x40 refdes169 THUMB Debug/com.o
 .text.init_cmd
                0x000000000000998c       0x16 refdes169 THUMB Debug/com.o
 .text.bpcal_cmd
                0x00000000000099a2       0x14 refdes169 THUMB Debug/com.o
 .text.halt_cmd
                0x00000000000099b6       0x16 refdes169 THUMB Debug/com.o
 .text.cal_cmd  0x00000000000099cc       0x16 refdes169 THUMB Debug/com.o
 .text.default_cmd
                0x00000000000099e2       0x18 refdes169 THUMB Debug/com.o
 *fill*         0x00000000000099fa        0x2 
 .text.spi_test_cmd
                0x00000000000099fc       0x94 refdes169 THUMB Debug/com.o
 .text.results_report_cmd
                0x0000000000009a90       0x18 refdes169 THUMB Debug/com.o
 .text.save_config
                0x0000000000009aa8       0x50 refdes169 THUMB Debug/com.o
 .text.zero_cmd
                0x0000000000009af8       0x2a refdes169 THUMB Debug/com.o
 *fill*         0x0000000000009b22        0x2 
 .text.command  0x0000000000009b24      0x2d0 refdes169 THUMB Debug/com.o
 .text.rx_cb    0x0000000000009df4       0x74 refdes169 THUMB Debug/com.o
 .text.task_com
                0x0000000000009e68      0x1a0 refdes169 THUMB Debug/com.o
 .text.com_init
                0x000000000000a008      0x168 refdes169 THUMB Debug/com.o
                0x000000000000a008                com_init
 .text.com_report
                0x000000000000a170       0x20 refdes169 THUMB Debug/com.o
                0x000000000000a170                com_report
 .text.dc_cmd   0x000000000000a190      0x10c refdes169 THUMB Debug/com.o
 .text.help_cmd
                0x000000000000a29c       0xf8 refdes169 THUMB Debug/com.o
 .text.flow_sample_complete
                0x000000000000a394       0x38 refdes169 THUMB Debug/flow.o
                0x000000000000a394                flow_sample_complete
 .text.flow_sample_clock
                0x000000000000a3cc       0x38 refdes169 THUMB Debug/flow.o
                0x000000000000a3cc                flow_sample_clock
 .text.transducer_temperature_compensate
                0x000000000000a404       0x10 refdes169 THUMB Debug/flow.o
                0x000000000000a404                transducer_temperature_compensate
 .text.transducer_flow_compensate
                0x000000000000a414       0x14 refdes169 THUMB Debug/flow.o
                0x000000000000a414                transducer_flow_compensate
 .text.dir2fp   0x000000000000a428       0x68 refdes169 THUMB Debug/flow.o
 .text.native2fp
                0x000000000000a490       0x4a refdes169 THUMB Debug/flow.o
 *fill*         0x000000000000a4da        0x2 
 .text.task_flow
                0x000000000000a4dc      0x10c refdes169 THUMB Debug/flow.o
 .text.flow_init
                0x000000000000a5e8       0x8c refdes169 THUMB Debug/flow.o
                0x000000000000a5e8                flow_init
 .text.task_ui  0x000000000000a674       0x16 refdes169 THUMB Debug/ui.o
 *fill*         0x000000000000a68a        0x2 
 .text.ui_init  0x000000000000a68c       0x2c refdes169 THUMB Debug/ui.o
                0x000000000000a68c                ui_init
 .text.config_save
                0x000000000000a6b8       0x38 refdes169 THUMB Debug/config.o
                0x000000000000a6b8                config_save
 .text.config_default
                0x000000000000a6f0       0xa0 refdes169 THUMB Debug/config.o
                0x000000000000a6f0                config_default
 .text.config_set_boot_config
                0x000000000000a790       0x48 refdes169 THUMB Debug/config.o
                0x000000000000a790                config_set_boot_config
 .text.config_load
                0x000000000000a7d8       0x54 refdes169 THUMB Debug/config.o
                0x000000000000a7d8                config_load
 .text.config_get_max3510x_regs
                0x000000000000a82c       0x30 refdes169 THUMB Debug/config.o
                0x000000000000a82c                config_get_max3510x_regs
 .text.transducer_config
                0x000000000000a85c       0x30 refdes169 THUMB Debug/transducer.o
                0x000000000000a85c                transducer_config
 .text.libc.__int32_to_float64
                0x000000000000a88c       0x2e C:/Program Files/Rowley Associates Limited/CrossWorks for ARM 4.2/lib/libm_v7em_fpv4_sp_d16_hard_t_le_eabi.a(libm_asm.o)
                0x000000000000a88c                __aeabi_i2d
                0x000000000000a88c                __int32_to_float64
                0x000000000000a88c                __floatsidf
 .text.libc.__float32_to_float64
                0x000000000000a8ba       0x38 C:/Program Files/Rowley Associates Limited/CrossWorks for ARM 4.2/lib/libm_v7em_fpv4_sp_d16_hard_t_le_eabi.a(libm_asm.o)
                0x000000000000a8ba                __float32_to_float64
                0x000000000000a8ba                __aeabi_f2d
                0x000000000000a8ba                __extendsfdf2
 .text.libc.__float64_to_float32
                0x000000000000a8f2       0x6e C:/Program Files/Rowley Associates Limited/CrossWorks for ARM 4.2/lib/libm_v7em_fpv4_sp_d16_hard_t_le_eabi.a(libm_asm.o)
                0x000000000000a8f2                __truncdfsf2
                0x000000000000a8f2                __float64_to_float32
                0x000000000000a8f2                __aeabi_d2f
 .text.libc.__float64_add
                0x000000000000a960      0x294 C:/Program Files/Rowley Associates Limited/CrossWorks for ARM 4.2/lib/libm_v7em_fpv4_sp_d16_hard_t_le_eabi.a(libm_asm.o)
                0x000000000000a960                __aeabi_drsub
                0x000000000000a968                __aeabi_dsub
                0x000000000000a968                __float64_sub
                0x000000000000a968                __subdf3
                0x000000000000a96c                __aeabi_dadd
                0x000000000000a96c                __float64_add
                0x000000000000a96c                __adddf3
 .text.libc.__float64_mul
                0x000000000000abf4      0x16c C:/Program Files/Rowley Associates Limited/CrossWorks for ARM 4.2/lib/libm_v7em_fpv4_sp_d16_hard_t_le_eabi.a(libm_asm.o)
                0x000000000000abf4                __float64_mul
                0x000000000000abf4                __muldf3
                0x000000000000abf4                __aeabi_dmul
 .text.libc.__float64_div
                0x000000000000ad60      0x214 C:/Program Files/Rowley Associates Limited/CrossWorks for ARM 4.2/lib/libm_v7em_fpv4_sp_d16_hard_t_le_eabi.a(libm_asm.o)
                0x000000000000ad60                __divdf3
                0x000000000000ad60                __float64_div
                0x000000000000ad60                __aeabi_ddiv
 .text.libc.__float32_signbit
                0x000000000000af74        0xa C:/Program Files/Rowley Associates Limited/CrossWorks for ARM 4.2/lib/libm_v7em_fpv4_sp_d16_hard_t_le_eabi.a(libm_asm.o)
                0x000000000000af74                __float32_signbit
 .text.libc.__float32_isinf
                0x000000000000af7e       0x14 C:/Program Files/Rowley Associates Limited/CrossWorks for ARM 4.2/lib/libm_v7em_fpv4_sp_d16_hard_t_le_eabi.a(libm_asm.o)
                0x000000000000af7e                __float32_isinf
 .text.libc.__float32_isnan
                0x000000000000af92       0x14 C:/Program Files/Rowley Associates Limited/CrossWorks for ARM 4.2/lib/libm_v7em_fpv4_sp_d16_hard_t_le_eabi.a(libm_asm.o)
                0x000000000000af92                __float32_isnan
 .text.libc.fabsf
                0x000000000000afa6        0x6 C:/Program Files/Rowley Associates Limited/CrossWorks for ARM 4.2/lib/libm_v7em_fpv4_sp_d16_hard_t_le_eabi.a(libm2_asm.o)
                0x000000000000afa6                fabsf
                0x000000000000afa6                fabs(float)
 .text.libc.floorf
                0x000000000000afac       0x6c C:/Program Files/Rowley Associates Limited/CrossWorks for ARM 4.2/lib/libm_v7em_fpv4_sp_d16_hard_t_le_eabi.a(libm2_asm.o)
                0x000000000000afac                floorf
                0x000000000000afac                floor(float)
 .text.libc.ldexpf
                0x000000000000b018       0x48 C:/Program Files/Rowley Associates Limited/CrossWorks for ARM 4.2/lib/libm_v7em_fpv4_sp_d16_hard_t_le_eabi.a(libm2_asm.o)
                0x000000000000b018                ldexp(float, int)
                0x000000000000b018                ldexpf
 .text.libc.frexpf
                0x000000000000b060       0x3c C:/Program Files/Rowley Associates Limited/CrossWorks for ARM 4.2/lib/libm_v7em_fpv4_sp_d16_hard_t_le_eabi.a(libm2_asm.o)
                0x000000000000b060                frexpf
                0x000000000000b060                frexp(float, int*)
 .text.libc.roundf
                0x000000000000b09c       0x58 C:/Program Files/Rowley Associates Limited/CrossWorks for ARM 4.2/lib/libm_v7em_fpv4_sp_d16_hard_t_le_eabi.a(fdlibm.o)
                0x000000000000b09c                roundf
                0x000000000000b09c                round(float)
 .text.libc.modff
                0x000000000000b0f4       0x58 C:/Program Files/Rowley Associates Limited/CrossWorks for ARM 4.2/lib/libm_v7em_fpv4_sp_d16_hard_t_le_eabi.a(libm2.o)
                0x000000000000b0f4                modf(float, float*)
                0x000000000000b0f4                modff
 .text.libc.fmodf
                0x000000000000b14c       0xf4 C:/Program Files/Rowley Associates Limited/CrossWorks for ARM 4.2/lib/libm_v7em_fpv4_sp_d16_hard_t_le_eabi.a(libm2.o)
                0x000000000000b14c                fmod(float, float)
                0x000000000000b14c                fmodf
 .text.libc.__RAL_ascii_isctype
                0x000000000000b240       0x1c C:/Program Files/Rowley Associates Limited/CrossWorks for ARM 4.2/lib/libc_v7em_fpv4_sp_d16_hard_t_le_eabi.a(libc2.o)
 .text.libc.__RAL_ascii_toupper
                0x000000000000b25c        0xc C:/Program Files/Rowley Associates Limited/CrossWorks for ARM 4.2/lib/libc_v7em_fpv4_sp_d16_hard_t_le_eabi.a(libc2.o)
 .text.libc.__RAL_ascii_tolower
                0x000000000000b268        0xc C:/Program Files/Rowley Associates Limited/CrossWorks for ARM 4.2/lib/libc_v7em_fpv4_sp_d16_hard_t_le_eabi.a(libc2.o)
 .text.libc.__RAL_ascii_iswctype
                0x000000000000b274       0x1c C:/Program Files/Rowley Associates Limited/CrossWorks for ARM 4.2/lib/libc_v7em_fpv4_sp_d16_hard_t_le_eabi.a(libc2.o)
 .text.libc.__RAL_ascii_towupper
                0x000000000000b290        0xc C:/Program Files/Rowley Associates Limited/CrossWorks for ARM 4.2/lib/libc_v7em_fpv4_sp_d16_hard_t_le_eabi.a(libc2.o)
 .text.libc.__RAL_ascii_towlower
                0x000000000000b29c        0xc C:/Program Files/Rowley Associates Limited/CrossWorks for ARM 4.2/lib/libc_v7em_fpv4_sp_d16_hard_t_le_eabi.a(libc2.o)
 .text.libc.__RAL_ascii_wctomb
                0x000000000000b2a8        0xe C:/Program Files/Rowley Associates Limited/CrossWorks for ARM 4.2/lib/libc_v7em_fpv4_sp_d16_hard_t_le_eabi.a(libc2.o)
                0x000000000000b2a8                __RAL_ascii_wctomb
 .text.libc.__RAL_ascii_mbtowc
                0x000000000000b2b6       0x24 C:/Program Files/Rowley Associates Limited/CrossWorks for ARM 4.2/lib/libc_v7em_fpv4_sp_d16_hard_t_le_eabi.a(libc2.o)
                0x000000000000b2b6                __RAL_ascii_mbtowc
 *fill*         0x000000000000b2da        0x2 
 .text.libc.__RAL_pow10f
                0x000000000000b2dc       0x50 C:/Program Files/Rowley Associates Limited/CrossWorks for ARM 4.2/lib/libc_v7em_fpv4_sp_d16_hard_t_le_eabi.a(libc2.o)
                0x000000000000b2dc                __RAL_pow10f
 .text.libc.__putc
                0x000000000000b32c       0x34 C:/Program Files/Rowley Associates Limited/CrossWorks for ARM 4.2/lib/libc_v7em_fpv4_sp_d16_hard_t_le_eabi.a(libc2.o)
                0x000000000000b32c                __putc
 .text.libc.__RAL_print_padding
                0x000000000000b360       0x1c C:/Program Files/Rowley Associates Limited/CrossWorks for ARM 4.2/lib/libc_v7em_fpv4_sp_d16_hard_t_le_eabi.a(libc2.o)
                0x000000000000b360                __RAL_print_padding
 .text.libc.__RAL_pre_padding
                0x000000000000b37c       0x1c C:/Program Files/Rowley Associates Limited/CrossWorks for ARM 4.2/lib/libc_v7em_fpv4_sp_d16_hard_t_le_eabi.a(libc2.o)
                0x000000000000b37c                __RAL_pre_padding
 .text.libc.abs
                0x000000000000b398        0x8 C:/Program Files/Rowley Associates Limited/CrossWorks for ARM 4.2/lib/libc_v7em_fpv4_sp_d16_hard_t_le_eabi.a(libc2.o)
                0x000000000000b398                abs
 .text.libc.__RAL_isctype
                0x000000000000b3a0       0x14 C:/Program Files/Rowley Associates Limited/CrossWorks for ARM 4.2/lib/libc_v7em_fpv4_sp_d16_hard_t_le_eabi.a(libc2.o)
                0x000000000000b3a0                __RAL_isctype
 .text.libc.isupper
                0x000000000000b3b4        0xa C:/Program Files/Rowley Associates Limited/CrossWorks for ARM 4.2/lib/libc_v7em_fpv4_sp_d16_hard_t_le_eabi.a(libc2.o)
                0x000000000000b3b4                isupper
 .text.libc.islower
                0x000000000000b3be        0xa C:/Program Files/Rowley Associates Limited/CrossWorks for ARM 4.2/lib/libc_v7em_fpv4_sp_d16_hard_t_le_eabi.a(libc2.o)
                0x000000000000b3be                islower
 .text.libc.isdigit
                0x000000000000b3c8        0xa C:/Program Files/Rowley Associates Limited/CrossWorks for ARM 4.2/lib/libc_v7em_fpv4_sp_d16_hard_t_le_eabi.a(libc2.o)
                0x000000000000b3c8                isdigit
 .text.libc.__digit
                0x000000000000b3d2       0x3c C:/Program Files/Rowley Associates Limited/CrossWorks for ARM 4.2/lib/libc_v7em_fpv4_sp_d16_hard_t_le_eabi.a(libc2.o)
                0x000000000000b3d2                __digit
 .text.libc.isspace
                0x000000000000b40e        0xa C:/Program Files/Rowley Associates Limited/CrossWorks for ARM 4.2/lib/libc_v7em_fpv4_sp_d16_hard_t_le_eabi.a(libc2.o)
                0x000000000000b40e                isspace
 .text.libc.isprint
                0x000000000000b418        0xa C:/Program Files/Rowley Associates Limited/CrossWorks for ARM 4.2/lib/libc_v7em_fpv4_sp_d16_hard_t_le_eabi.a(libc2.o)
                0x000000000000b418                isprint
 *fill*         0x000000000000b422        0x2 
 .text.libc.__aeabi_errno_addr
                0x000000000000b424       0x14 C:/Program Files/Rowley Associates Limited/CrossWorks for ARM 4.2/lib/libc_v7em_fpv4_sp_d16_hard_t_le_eabi.a(libc2.o)
                0x000000000000b424                __aeabi_errno_addr
 .text.libc.__strtoul
                0x000000000000b438       0xde C:/Program Files/Rowley Associates Limited/CrossWorks for ARM 4.2/lib/libc_v7em_fpv4_sp_d16_hard_t_le_eabi.a(libc2.o)
                0x000000000000b438                __strtoul
 .text.libc.strncmp
                0x000000000000b516       0x40 C:/Program Files/Rowley Associates Limited/CrossWorks for ARM 4.2/lib/libc_v7em_fpv4_sp_d16_hard_t_le_eabi.a(libc2.o)
                0x000000000000b516                strncmp
 .text.libc.strncpy
                0x000000000000b556       0x36 C:/Program Files/Rowley Associates Limited/CrossWorks for ARM 4.2/lib/libc_v7em_fpv4_sp_d16_hard_t_le_eabi.a(libc2.o)
                0x000000000000b556                strncpy
 .text.libc.strnlen
                0x000000000000b58c       0x20 C:/Program Files/Rowley Associates Limited/CrossWorks for ARM 4.2/lib/libc_v7em_fpv4_sp_d16_hard_t_le_eabi.a(libc2.o)
                0x000000000000b58c                strnlen
 .text.libc.strtof
                0x000000000000b5ac      0x194 C:/Program Files/Rowley Associates Limited/CrossWorks for ARM 4.2/lib/libc_v7em_fpv4_sp_d16_hard_t_le_eabi.a(libc2.o)
                0x000000000000b5ac                strtof
 .text.libc.strtol
                0x000000000000b740       0xaa C:/Program Files/Rowley Associates Limited/CrossWorks for ARM 4.2/lib/libc_v7em_fpv4_sp_d16_hard_t_le_eabi.a(libc2.o)
                0x000000000000b740                strtol
 .text.libc.atoi
                0x000000000000b7ea       0x20 C:/Program Files/Rowley Associates Limited/CrossWorks for ARM 4.2/lib/libc_v7em_fpv4_sp_d16_hard_t_le_eabi.a(libc2.o)
                0x000000000000b7ea                atoi
 .text.libc.vsnprintf
                0x000000000000b80a       0x1c C:/Program Files/Rowley Associates Limited/CrossWorks for ARM 4.2/lib/libc_v7em_fpv4_sp_d16_hard_t_le_eabi.a(libc2.o)
                0x000000000000b80a                vsnprintf
 .text.libc.memcpy
                0x000000000000b826       0x52 C:/Program Files/Rowley Associates Limited/CrossWorks for ARM 4.2/lib/libc_v7em_fpv4_sp_d16_hard_t_le_eabi.a(libc2_asm.o)
                0x000000000000b826                __aeabi_memcpy
                0x000000000000b826                memcpy
                0x000000000000b832                __aeabi_memcpy8
                0x000000000000b832                __aeabi_memcpy4
 .text.libc.memset
                0x000000000000b878       0x66 C:/Program Files/Rowley Associates Limited/CrossWorks for ARM 4.2/lib/libc_v7em_fpv4_sp_d16_hard_t_le_eabi.a(libc2_asm.o)
                0x000000000000b878                memset
 .text.libc.strcpy
                0x000000000000b8de       0x44 C:/Program Files/Rowley Associates Limited/CrossWorks for ARM 4.2/lib/libc_v7em_fpv4_sp_d16_hard_t_le_eabi.a(libc2_asm.o)
                0x000000000000b8de                strcpy
 .text.libc.strcmp
                0x000000000000b922       0x4e C:/Program Files/Rowley Associates Limited/CrossWorks for ARM 4.2/lib/libc_v7em_fpv4_sp_d16_hard_t_le_eabi.a(libc2_asm.o)
                0x000000000000b922                strcmp
 .text.libc.strlen
                0x000000000000b970       0x60 C:/Program Files/Rowley Associates Limited/CrossWorks for ARM 4.2/lib/libc_v7em_fpv4_sp_d16_hard_t_le_eabi.a(libc2_asm.o)
                0x000000000000b970                strlen
 .text.libc.__vfprintf_short_float_long
                0x000000000000b9d0      0xec8 C:/Program Files/Rowley Associates Limited/CrossWorks for ARM 4.2/lib/libvfprintf_v7em_fpv4_sp_d16_hard_t_le_eabi.o
                0x000000000000b9d0                __vfprintf_short_float_long
                0x000000000000c898                __text_end__ = (__text_start__ + SIZEOF (.text))
                0x000000000000c228                __text_size__ = SIZEOF (.text)
                0x000000000000c898                __text_load_end__ = __text_end__

.vfp11_veneer   0x0000000100000000        0x0
 .vfp11_veneer  0x0000000100000000        0x0 linker stubs

.v4_bx          0x0000000100000000        0x0
 .v4_bx         0x0000000100000000        0x0 linker stubs

.iplt           0x0000000100000000        0x0
 .iplt          0x0000000100000000        0x0 refdes169 THUMB Debug/system_max32625.o
                0x0000000000000001                . = ASSERT (((__text_start__ == __text_end__) || ((__text_end__ >= __FLASH_segment_start__) && (__text_end__ <= __FLASH_segment_end__))), error: .text is too large to fit in FLASH memory segment)
                0x000000000000c898                __dtors_load_start__ = ALIGN (__text_end__, 0x4)

.dtors          0x000000000000c898        0x0
                0x000000000000c898                __dtors_start__ = .
 *(SORT_BY_NAME(.dtors.*))
 *(.dtors)
 *(.fini_array)
 *(SORT_BY_NAME(.fini_array.*))
                0x000000000000c898                __dtors_end__ = (__dtors_start__ + SIZEOF (.dtors))
                0x0000000000000000                __dtors_size__ = SIZEOF (.dtors)
                0x000000000000c898                __dtors_load_end__ = __dtors_end__
                0x0000000000000001                . = ASSERT (((__dtors_start__ == __dtors_end__) || ((__dtors_end__ >= __FLASH_segment_start__) && (__dtors_end__ <= __FLASH_segment_end__))), error: .dtors is too large to fit in FLASH memory segment)
                0x000000000000c898                __ctors_load_start__ = ALIGN (__dtors_end__, 0x4)

.ctors          0x000000000000c898        0x4
                0x000000000000c898                __ctors_start__ = .
 *(SORT_BY_NAME(.ctors.*))
 *(.ctors)
 *(.init_array)
 .init_array    0x000000000000c898        0x4 refdes169 THUMB Debug/MAX32625_Startup.o
 *(SORT_BY_NAME(.init_array.*))
                0x000000000000c89c                __ctors_end__ = (__ctors_start__ + SIZEOF (.ctors))
                0x0000000000000004                __ctors_size__ = SIZEOF (.ctors)
                0x000000000000c89c                __ctors_load_end__ = __ctors_end__
                0x0000000000000001                . = ASSERT (((__ctors_start__ == __ctors_end__) || ((__ctors_end__ >= __FLASH_segment_start__) && (__ctors_end__ <= __FLASH_segment_end__))), error: .ctors is too large to fit in FLASH memory segment)
                0x000000000000c89c                __rodata_load_start__ = ALIGN (__ctors_end__, 0x4)

.rodata         0x000000000000c89c     0x1ee4
                0x000000000000c89c                __rodata_start__ = .
 *(.rodata .rodata.* .gnu.linkonce.r.*)
 .rodata.s_gpio_cfg_led
                0x000000000000c89c       0x30 refdes169 THUMB Debug/board.o
                0x000000000000c89c                s_gpio_cfg_led
 .rodata.s_gpio_cfg_button_s1
                0x000000000000c8cc        0xc refdes169 THUMB Debug/board.o
 .rodata.s_gpio_cfg_button_s2
                0x000000000000c8d8        0xc refdes169 THUMB Debug/board.o
 .rodata.s_tdc_interrupt
                0x000000000000c8e4        0xc refdes169 THUMB Debug/board.o
 .rodata.max3510x_spim_cfg
                0x000000000000c8f0        0xc refdes169 THUMB Debug/board.o
 .rodata.max3510x_spi
                0x000000000000c8fc        0xc refdes169 THUMB Debug/board.o
 .rodata.max3510x_uart
                0x000000000000c908        0xc refdes169 THUMB Debug/board.o
 .rodata.p_des.11408
                0x000000000000c914        0x4 refdes169 THUMB Debug/board.o
 .rodata.s_pmu_tdc_read_descriptor
                0x000000000000c918       0x20 refdes169 THUMB Debug/tdc.o
 .rodata.s_read_results
                0x000000000000c938        0xc refdes169 THUMB Debug/tdc.o
 .rodata.s_pmu_tdc_write_descriptor
                0x000000000000c944        0xc refdes169 THUMB Debug/tdc.o
 .rodata        0x000000000000c950        0x5 refdes169 THUMB Debug/tasks.o
 *fill*         0x000000000000c955        0x3 
 .rodata        0x000000000000c958        0xd refdes169 THUMB Debug/timers.o
 *fill*         0x000000000000c965        0x3 
 .rodata        0x000000000000c968     0x140c refdes169 THUMB Debug/com.o
 .rodata.s_sfreq_enum
                0x000000000000dd74       0x20 refdes169 THUMB Debug/com.o
 .rodata.s_dreq_enum